Archive member included because of file (symbol)

.\CortexM0\ARM_GCC_473\Release\app.a(cyfitter_cfg.o)
                              .\CortexM0\ARM_GCC_473\Release\main.o (AMux_Next)
.\CortexM0\ARM_GCC_473\Release\app.a(Thermistor.o)
                              .\CortexM0\ARM_GCC_473\Release\main.o (Thermistor_GetResistance)
.\CortexM0\ARM_GCC_473\Release\app.a(ADC.o)
                              .\CortexM0\ARM_GCC_473\Release\main.o (ADC_Start)
.\CortexM0\ARM_GCC_473\Release\app.a(ADC_PM.o)
                              .\CortexM0\ARM_GCC_473\Release\main.o (ADC_Sleep)
.\CortexM0\ARM_GCC_473\Release\app.a(ADC_INT.o)
                              .\CortexM0\ARM_GCC_473\Release\app.a(ADC.o) (ADC_ISR)
.\CortexM0\ARM_GCC_473\Release\app.a(EN.o)
                              .\CortexM0\ARM_GCC_473\Release\main.o (EN_Write)
.\CortexM0\ARM_GCC_473\Release\app.a(UART.o)
                              .\CortexM0\ARM_GCC_473\Release\main.o (UART_Start)
.\CortexM0\ARM_GCC_473\Release\app.a(UART_SPI_UART.o)
                              .\CortexM0\ARM_GCC_473\Release\main.o (UART_SpiUartGetRxBufferSize)
.\CortexM0\ARM_GCC_473\Release\app.a(UART_UART.o)
                              .\CortexM0\ARM_GCC_473\Release\app.a(UART.o) (UART_UartInit)
.\CortexM0\ARM_GCC_473\Release\app.a(Opamp.o)
                              .\CortexM0\ARM_GCC_473\Release\main.o (Opamp_Start)
.\CortexM0\ARM_GCC_473\Release\app.a(Opamp_PM.o)
                              .\CortexM0\ARM_GCC_473\Release\main.o (Opamp_Sleep)
.\CortexM0\ARM_GCC_473\Release\app.a(AMux.o)
                              .\CortexM0\ARM_GCC_473\Release\main.o (AMux_Start)
.\CortexM0\ARM_GCC_473\Release\app.a(CyBootAsmGnu.o)
                              .\CortexM0\ARM_GCC_473\Release\app.a(cyfitter_cfg.o) (CyDelayCycles)
.\CortexM0\ARM_GCC_473\Release\app.a(CyLib.o)
                              .\CortexM0\ARM_GCC_473\Release\app.a(ADC.o) (CyIntSetVector)
c:/program files (x86)/cypress/psoc creator/3.0/psoc creator/import/gnu_cs/arm/4.7.3/bin/../lib/gcc/arm-none-eabi/4.7.3/armv6-m\libgcc.a(_thumb1_case_uqi.o)
                              .\CortexM0\ARM_GCC_473\Release\app.a(cyfitter_cfg.o) (__gnu_thumb1_case_uqi)
c:/program files (x86)/cypress/psoc creator/3.0/psoc creator/import/gnu_cs/arm/4.7.3/bin/../lib/gcc/arm-none-eabi/4.7.3/armv6-m\libgcc.a(_udivsi3.o)
                              .\CortexM0\ARM_GCC_473\Release\app.a(CyLib.o) (__aeabi_uidiv)
c:/program files (x86)/cypress/psoc creator/3.0/psoc creator/import/gnu_cs/arm/4.7.3/bin/../lib/gcc/arm-none-eabi/4.7.3/armv6-m\libgcc.a(_divsi3.o)
                              .\CortexM0\ARM_GCC_473\Release\main.o (__aeabi_idiv)
c:/program files (x86)/cypress/psoc creator/3.0/psoc creator/import/gnu_cs/arm/4.7.3/bin/../lib/gcc/arm-none-eabi/4.7.3/armv6-m\libgcc.a(_dvmd_tls.o)
                              c:/program files (x86)/cypress/psoc creator/3.0/psoc creator/import/gnu_cs/arm/4.7.3/bin/../lib/gcc/arm-none-eabi/4.7.3/armv6-m\libgcc.a(_udivsi3.o) (__aeabi_idiv0)
c:/program files (x86)/cypress/psoc creator/3.0/psoc creator/import/gnu_cs/arm/4.7.3/bin/../lib/gcc/arm-none-eabi/4.7.3/armv6-m\libgcc.a(_aeabi_ldivmod.o)
                              .\CortexM0\ARM_GCC_473\Release\app.a(ADC.o) (__aeabi_ldivmod)
c:/program files (x86)/cypress/psoc creator/3.0/psoc creator/import/gnu_cs/arm/4.7.3/bin/../lib/gcc/arm-none-eabi/4.7.3/armv6-m\libgcc.a(_muldi3.o)
                              .\CortexM0\ARM_GCC_473\Release\app.a(ADC.o) (__aeabi_lmul)
c:/program files (x86)/cypress/psoc creator/3.0/psoc creator/import/gnu_cs/arm/4.7.3/bin/../lib/gcc/arm-none-eabi/4.7.3/armv6-m\libgcc.a(bpabi.o)
                              c:/program files (x86)/cypress/psoc creator/3.0/psoc creator/import/gnu_cs/arm/4.7.3/bin/../lib/gcc/arm-none-eabi/4.7.3/armv6-m\libgcc.a(_aeabi_ldivmod.o) (__gnu_ldivmod_helper)
c:/program files (x86)/cypress/psoc creator/3.0/psoc creator/import/gnu_cs/arm/4.7.3/bin/../lib/gcc/arm-none-eabi/4.7.3/armv6-m\libgcc.a(divsf3.o)
                              .\CortexM0\ARM_GCC_473\Release\app.a(ADC.o) (__aeabi_fdiv)
c:/program files (x86)/cypress/psoc creator/3.0/psoc creator/import/gnu_cs/arm/4.7.3/bin/../lib/gcc/arm-none-eabi/4.7.3/armv6-m\libgcc.a(mulsf3.o)
                              .\CortexM0\ARM_GCC_473\Release\app.a(ADC.o) (__aeabi_fmul)
c:/program files (x86)/cypress/psoc creator/3.0/psoc creator/import/gnu_cs/arm/4.7.3/bin/../lib/gcc/arm-none-eabi/4.7.3/armv6-m\libgcc.a(floatsisf.o)
                              .\CortexM0\ARM_GCC_473\Release\app.a(ADC.o) (__aeabi_i2f)
c:/program files (x86)/cypress/psoc creator/3.0/psoc creator/import/gnu_cs/arm/4.7.3/bin/../lib/gcc/arm-none-eabi/4.7.3/armv6-m\libgcc.a(_clzsi2.o)
                              c:/program files (x86)/cypress/psoc creator/3.0/psoc creator/import/gnu_cs/arm/4.7.3/bin/../lib/gcc/arm-none-eabi/4.7.3/armv6-m\libgcc.a(divsf3.o) (__clzsi2)
c:/program files (x86)/cypress/psoc creator/3.0/psoc creator/import/gnu_cs/arm/4.7.3/bin/../lib/gcc/arm-none-eabi/4.7.3/armv6-m\libgcc.a(_divdi3.o)
                              c:/program files (x86)/cypress/psoc creator/3.0/psoc creator/import/gnu_cs/arm/4.7.3/bin/../lib/gcc/arm-none-eabi/4.7.3/armv6-m\libgcc.a(bpabi.o) (__divdi3)
c:/program files (x86)/cypress/psoc creator/3.0/psoc creator/import/gnu_cs/arm/4.7.3/bin/../lib/gcc/arm-none-eabi/4.7.3/armv6-m\libgcc.a(_udivdi3.o)
                              c:/program files (x86)/cypress/psoc creator/3.0/psoc creator/import/gnu_cs/arm/4.7.3/bin/../lib/gcc/arm-none-eabi/4.7.3/armv6-m\libgcc.a(bpabi.o) (__udivdi3)
c:/program files (x86)/cypress/psoc creator/3.0/psoc creator/import/gnu_cs/arm/4.7.3/bin/../lib/gcc/arm-none-eabi/4.7.3/../../../../arm-none-eabi/lib/armv6-m\libc_s.a(lib_a-__atexit2.o)
                              c:/program files (x86)/cypress/psoc creator/3.0/psoc creator/import/gnu_cs/arm/4.7.3/bin/../lib/gcc/arm-none-eabi/4.7.3/../../../../arm-none-eabi/lib/armv6-m/crt0.o (__register_exitproc)
c:/program files (x86)/cypress/psoc creator/3.0/psoc creator/import/gnu_cs/arm/4.7.3/bin/../lib/gcc/arm-none-eabi/4.7.3/../../../../arm-none-eabi/lib/armv6-m\libc_s.a(lib_a-exit.o)
                              c:/program files (x86)/cypress/psoc creator/3.0/psoc creator/import/gnu_cs/arm/4.7.3/bin/../lib/gcc/arm-none-eabi/4.7.3/../../../../arm-none-eabi/lib/armv6-m/crt0.o (exit)
c:/program files (x86)/cypress/psoc creator/3.0/psoc creator/import/gnu_cs/arm/4.7.3/bin/../lib/gcc/arm-none-eabi/4.7.3/../../../../arm-none-eabi/lib/armv6-m\libc_s.a(lib_a-fini.o)
                              c:/program files (x86)/cypress/psoc creator/3.0/psoc creator/import/gnu_cs/arm/4.7.3/bin/../lib/gcc/arm-none-eabi/4.7.3/../../../../arm-none-eabi/lib/armv6-m/crt0.o (__libc_fini_array)
c:/program files (x86)/cypress/psoc creator/3.0/psoc creator/import/gnu_cs/arm/4.7.3/bin/../lib/gcc/arm-none-eabi/4.7.3/../../../../arm-none-eabi/lib/armv6-m\libc_s.a(lib_a-impure.o)
                              c:/program files (x86)/cypress/psoc creator/3.0/psoc creator/import/gnu_cs/arm/4.7.3/bin/../lib/gcc/arm-none-eabi/4.7.3/../../../../arm-none-eabi/lib/armv6-m\libc_s.a(lib_a-exit.o) (_global_impure_ptr)
c:/program files (x86)/cypress/psoc creator/3.0/psoc creator/import/gnu_cs/arm/4.7.3/bin/../lib/gcc/arm-none-eabi/4.7.3/../../../../arm-none-eabi/lib/armv6-m\libc_s.a(lib_a-init.o)
                              c:/program files (x86)/cypress/psoc creator/3.0/psoc creator/import/gnu_cs/arm/4.7.3/bin/../lib/gcc/arm-none-eabi/4.7.3/../../../../arm-none-eabi/lib/armv6-m/crt0.o (__libc_init_array)
c:/program files (x86)/cypress/psoc creator/3.0/psoc creator/import/gnu_cs/arm/4.7.3/bin/../lib/gcc/arm-none-eabi/4.7.3/../../../../arm-none-eabi/lib/armv6-m\libc_s.a(lib_a-memset.o)
                              c:/program files (x86)/cypress/psoc creator/3.0/psoc creator/import/gnu_cs/arm/4.7.3/bin/../lib/gcc/arm-none-eabi/4.7.3/../../../../arm-none-eabi/lib/armv6-m/crt0.o (memset)

Allocating common symbols
Common symbol       size              file

REF                 0x4               .\CortexM0\ARM_GCC_473\Release\main.o
ADC_countsPer10Volt
                    0x4               .\CortexM0\ARM_GCC_473\Release\app.a(ADC.o)
RH                  0x2               .\CortexM0\ARM_GCC_473\Release\main.o
T                   0x4               .\CortexM0\ARM_GCC_473\Release\main.o
EXT                 0x2               .\CortexM0\ARM_GCC_473\Release\main.o
CONF                0x2               .\CortexM0\ARM_GCC_473\Release\main.o
ADC_offset          0x2               .\CortexM0\ARM_GCC_473\Release\app.a(ADC.o)

Discarded input sections

 .text          0x00000000        0x0 c:/program files (x86)/cypress/psoc creator/3.0/psoc creator/import/gnu_cs/arm/4.7.3/bin/../lib/gcc/arm-none-eabi/4.7.3/armv6-m/crti.o
 .data          0x00000000        0x0 c:/program files (x86)/cypress/psoc creator/3.0/psoc creator/import/gnu_cs/arm/4.7.3/bin/../lib/gcc/arm-none-eabi/4.7.3/armv6-m/crti.o
 .bss           0x00000000        0x0 c:/program files (x86)/cypress/psoc creator/3.0/psoc creator/import/gnu_cs/arm/4.7.3/bin/../lib/gcc/arm-none-eabi/4.7.3/armv6-m/crti.o
 .data          0x00000000        0x4 c:/program files (x86)/cypress/psoc creator/3.0/psoc creator/import/gnu_cs/arm/4.7.3/bin/../lib/gcc/arm-none-eabi/4.7.3/armv6-m/crtbegin.o
 .text          0x00000000       0x74 c:/program files (x86)/cypress/psoc creator/3.0/psoc creator/import/gnu_cs/arm/4.7.3/bin/../lib/gcc/arm-none-eabi/4.7.3/../../../../arm-none-eabi/lib/armv6-m/crt0.o
 .data          0x00000000        0x0 c:/program files (x86)/cypress/psoc creator/3.0/psoc creator/import/gnu_cs/arm/4.7.3/bin/../lib/gcc/arm-none-eabi/4.7.3/../../../../arm-none-eabi/lib/armv6-m/crt0.o
 .bss           0x00000000        0x0 c:/program files (x86)/cypress/psoc creator/3.0/psoc creator/import/gnu_cs/arm/4.7.3/bin/../lib/gcc/arm-none-eabi/4.7.3/../../../../arm-none-eabi/lib/armv6-m/crt0.o
 .ARM.extab     0x00000000        0x0 c:/program files (x86)/cypress/psoc creator/3.0/psoc creator/import/gnu_cs/arm/4.7.3/bin/../lib/gcc/arm-none-eabi/4.7.3/../../../../arm-none-eabi/lib/armv6-m/crt0.o
 .ARM.exidx     0x00000000        0x8 c:/program files (x86)/cypress/psoc creator/3.0/psoc creator/import/gnu_cs/arm/4.7.3/bin/../lib/gcc/arm-none-eabi/4.7.3/../../../../arm-none-eabi/lib/armv6-m/crt0.o
 .text          0x00000000        0x0 .\CortexM0\ARM_GCC_473\Release\main.o
 .data          0x00000000        0x0 .\CortexM0\ARM_GCC_473\Release\main.o
 .bss           0x00000000        0x0 .\CortexM0\ARM_GCC_473\Release\main.o
 .text          0x00000000        0x0 .\CortexM0\ARM_GCC_473\Release\cybootloader.o
 .data          0x00000000        0x0 .\CortexM0\ARM_GCC_473\Release\cybootloader.o
 .bss           0x00000000        0x0 .\CortexM0\ARM_GCC_473\Release\cybootloader.o
 .text          0x00000000        0x0 .\CortexM0\ARM_GCC_473\Release\cymetadata.o
 .data          0x00000000        0x0 .\CortexM0\ARM_GCC_473\Release\cymetadata.o
 .bss           0x00000000        0x0 .\CortexM0\ARM_GCC_473\Release\cymetadata.o
 .text          0x00000000        0x0 .\CortexM0\ARM_GCC_473\Release\Cm0Start.o
 .data          0x00000000        0x0 .\CortexM0\ARM_GCC_473\Release\Cm0Start.o
 .bss           0x00000000        0x0 .\CortexM0\ARM_GCC_473\Release\Cm0Start.o
 .text._exit    0x00000000        0x4 .\CortexM0\ARM_GCC_473\Release\Cm0Start.o
 .text          0x00000000        0x0 .\CortexM0\ARM_GCC_473\Release\app.a(cyfitter_cfg.o)
 .bss           0x00000000        0x0 .\CortexM0\ARM_GCC_473\Release\app.a(cyfitter_cfg.o)
 .text          0x00000000        0x0 .\CortexM0\ARM_GCC_473\Release\app.a(Thermistor.o)
 .data          0x00000000        0x0 .\CortexM0\ARM_GCC_473\Release\app.a(Thermistor.o)
 .bss           0x00000000        0x0 .\CortexM0\ARM_GCC_473\Release\app.a(Thermistor.o)
 .text          0x00000000        0x0 .\CortexM0\ARM_GCC_473\Release\app.a(ADC.o)
 .data          0x00000000        0x0 .\CortexM0\ARM_GCC_473\Release\app.a(ADC.o)
 .text.ADC_SetChanMask
                0x00000000       0x10 .\CortexM0\ARM_GCC_473\Release\app.a(ADC.o)
 .text.ADC_SetLowLimit
                0x00000000       0x18 .\CortexM0\ARM_GCC_473\Release\app.a(ADC.o)
 .text.ADC_SetHighLimit
                0x00000000       0x18 .\CortexM0\ARM_GCC_473\Release\app.a(ADC.o)
 .text.ADC_SetLimitMask
                0x00000000       0x10 .\CortexM0\ARM_GCC_473\Release\app.a(ADC.o)
 .text.ADC_SetSatMask
                0x00000000       0x10 .\CortexM0\ARM_GCC_473\Release\app.a(ADC.o)
 .text.ADC_SetGain
                0x00000000        0xc .\CortexM0\ARM_GCC_473\Release\app.a(ADC.o)
 .text.ADC_CountsTo_mVolts
                0x00000000       0x44 .\CortexM0\ARM_GCC_473\Release\app.a(ADC.o)
 .text.ADC_CountsTo_uVolts
                0x00000000       0x38 .\CortexM0\ARM_GCC_473\Release\app.a(ADC.o)
 .text.ADC_CountsTo_Volts
                0x00000000       0x3c .\CortexM0\ARM_GCC_473\Release\app.a(ADC.o)
 .text          0x00000000        0x0 .\CortexM0\ARM_GCC_473\Release\app.a(ADC_PM.o)
 .data          0x00000000        0x0 .\CortexM0\ARM_GCC_473\Release\app.a(ADC_PM.o)
 .text.ADC_SaveConfig
                0x00000000        0x2 .\CortexM0\ARM_GCC_473\Release\app.a(ADC_PM.o)
 .text.ADC_RestoreConfig
                0x00000000        0x2 .\CortexM0\ARM_GCC_473\Release\app.a(ADC_PM.o)
 .text          0x00000000        0x0 .\CortexM0\ARM_GCC_473\Release\app.a(ADC_INT.o)
 .data          0x00000000        0x0 .\CortexM0\ARM_GCC_473\Release\app.a(ADC_INT.o)
 .bss           0x00000000        0x0 .\CortexM0\ARM_GCC_473\Release\app.a(ADC_INT.o)
 .text          0x00000000        0x0 .\CortexM0\ARM_GCC_473\Release\app.a(EN.o)
 .data          0x00000000        0x0 .\CortexM0\ARM_GCC_473\Release\app.a(EN.o)
 .bss           0x00000000        0x0 .\CortexM0\ARM_GCC_473\Release\app.a(EN.o)
 .text.EN_SetDriveMode
                0x00000000       0x1c .\CortexM0\ARM_GCC_473\Release\app.a(EN.o)
 .text.EN_Read  0x00000000       0x10 .\CortexM0\ARM_GCC_473\Release\app.a(EN.o)
 .text.EN_ReadDataReg
                0x00000000       0x10 .\CortexM0\ARM_GCC_473\Release\app.a(EN.o)
 .text.EN_ClearInterrupt
                0x00000000       0x14 .\CortexM0\ARM_GCC_473\Release\app.a(EN.o)
 .text          0x00000000        0x0 .\CortexM0\ARM_GCC_473\Release\app.a(UART.o)
 .data          0x00000000        0x0 .\CortexM0\ARM_GCC_473\Release\app.a(UART.o)
 .text.UART_Init
                0x00000000        0x8 .\CortexM0\ARM_GCC_473\Release\app.a(UART.o)
 .text.UART_Stop
                0x00000000       0x10 .\CortexM0\ARM_GCC_473\Release\app.a(UART.o)
 .text.UART_SetCustomInterruptHandler
                0x00000000        0xc .\CortexM0\ARM_GCC_473\Release\app.a(UART.o)
 .text          0x00000000        0x0 .\CortexM0\ARM_GCC_473\Release\app.a(UART_SPI_UART.o)
 .data          0x00000000        0x0 .\CortexM0\ARM_GCC_473\Release\app.a(UART_SPI_UART.o)
 .bss           0x00000000        0x0 .\CortexM0\ARM_GCC_473\Release\app.a(UART_SPI_UART.o)
 .text.UART_SpiUartClearRxBuffer
                0x00000000       0x20 .\CortexM0\ARM_GCC_473\Release\app.a(UART_SPI_UART.o)
 .text.UART_SpiUartPutArray
                0x00000000       0x16 .\CortexM0\ARM_GCC_473\Release\app.a(UART_SPI_UART.o)
 .text.UART_SpiUartGetTxBufferSize
                0x00000000       0x10 .\CortexM0\ARM_GCC_473\Release\app.a(UART_SPI_UART.o)
 .text.UART_SpiUartClearTxBuffer
                0x00000000       0x20 .\CortexM0\ARM_GCC_473\Release\app.a(UART_SPI_UART.o)
 .text.UART_SpiUartDisableIntTx
                0x00000000       0x10 .\CortexM0\ARM_GCC_473\Release\app.a(UART_SPI_UART.o)
 .text          0x00000000        0x0 .\CortexM0\ARM_GCC_473\Release\app.a(UART_UART.o)
 .data          0x00000000        0x0 .\CortexM0\ARM_GCC_473\Release\app.a(UART_UART.o)
 .bss           0x00000000        0x0 .\CortexM0\ARM_GCC_473\Release\app.a(UART_UART.o)
 .text.UART_UartSetRxAddress
                0x00000000       0x14 .\CortexM0\ARM_GCC_473\Release\app.a(UART_UART.o)
 .text.UART_UartSetRxAddressMask
                0x00000000       0x18 .\CortexM0\ARM_GCC_473\Release\app.a(UART_UART.o)
 .text.UART_UartGetChar
                0x00000000       0x28 .\CortexM0\ARM_GCC_473\Release\app.a(UART_UART.o)
 .text.UART_UartPutString
                0x00000000       0x16 .\CortexM0\ARM_GCC_473\Release\app.a(UART_UART.o)
 .text.UART_UartPutCRLF
                0x00000000       0x14 .\CortexM0\ARM_GCC_473\Release\app.a(UART_UART.o)
 .text          0x00000000        0x0 .\CortexM0\ARM_GCC_473\Release\app.a(Opamp.o)
 .data          0x00000000        0x0 .\CortexM0\ARM_GCC_473\Release\app.a(Opamp.o)
 .text.Opamp_SetPower
                0x00000000       0x18 .\CortexM0\ARM_GCC_473\Release\app.a(Opamp.o)
 .text.Opamp_PumpControl
                0x00000000       0x20 .\CortexM0\ARM_GCC_473\Release\app.a(Opamp.o)
 .text          0x00000000        0x0 .\CortexM0\ARM_GCC_473\Release\app.a(Opamp_PM.o)
 .data          0x00000000        0x0 .\CortexM0\ARM_GCC_473\Release\app.a(Opamp_PM.o)
 .text.Opamp_SaveConfig
                0x00000000        0x2 .\CortexM0\ARM_GCC_473\Release\app.a(Opamp_PM.o)
 .text.Opamp_RestoreConfig
                0x00000000        0x2 .\CortexM0\ARM_GCC_473\Release\app.a(Opamp_PM.o)
 .text          0x00000000        0x0 .\CortexM0\ARM_GCC_473\Release\app.a(AMux.o)
 .data          0x00000000        0x0 .\CortexM0\ARM_GCC_473\Release\app.a(AMux.o)
 .text.AMux_Init
                0x00000000        0x8 .\CortexM0\ARM_GCC_473\Release\app.a(AMux.o)
 .text.AMux_GetChannel
                0x00000000        0xc .\CortexM0\ARM_GCC_473\Release\app.a(AMux.o)
 .data          0x00000000        0x0 .\CortexM0\ARM_GCC_473\Release\app.a(CyBootAsmGnu.o)
 .bss           0x00000000        0x0 .\CortexM0\ARM_GCC_473\Release\app.a(CyBootAsmGnu.o)
 .text          0x00000000        0x0 .\CortexM0\ARM_GCC_473\Release\app.a(CyLib.o)
 .bss           0x00000000        0x0 .\CortexM0\ARM_GCC_473\Release\app.a(CyLib.o)
 .text.CySysClkImoStart
                0x00000000       0x14 .\CortexM0\ARM_GCC_473\Release\app.a(CyLib.o)
 .text.CySysClkImoStop
                0x00000000       0x10 .\CortexM0\ARM_GCC_473\Release\app.a(CyLib.o)
 .text.CySysClkIloStart
                0x00000000       0x14 .\CortexM0\ARM_GCC_473\Release\app.a(CyLib.o)
 .text.CySysClkIloStop
                0x00000000       0x10 .\CortexM0\ARM_GCC_473\Release\app.a(CyLib.o)
 .text.CySysClkWriteHfclkDirect
                0x00000000       0x24 .\CortexM0\ARM_GCC_473\Release\app.a(CyLib.o)
 .text.CySysClkWriteSysclkDiv
                0x00000000       0x2c .\CortexM0\ARM_GCC_473\Release\app.a(CyLib.o)
 .text.CySysWdtLock
                0x00000000       0x30 .\CortexM0\ARM_GCC_473\Release\app.a(CyLib.o)
 .text.CySysWdtUnlock
                0x00000000       0x44 .\CortexM0\ARM_GCC_473\Release\app.a(CyLib.o)
 .text.CySysWdtReadEnabledStatus
                0x00000000       0x18 .\CortexM0\ARM_GCC_473\Release\app.a(CyLib.o)
 .text.CySysWdtWriteMode
                0x00000000       0x3c .\CortexM0\ARM_GCC_473\Release\app.a(CyLib.o)
 .text.CySysWdtReadMode
                0x00000000       0x14 .\CortexM0\ARM_GCC_473\Release\app.a(CyLib.o)
 .text.CySysWdtWriteClearOnMatch
                0x00000000       0x34 .\CortexM0\ARM_GCC_473\Release\app.a(CyLib.o)
 .text.CySysWdtReadClearOnMatch
                0x00000000       0x18 .\CortexM0\ARM_GCC_473\Release\app.a(CyLib.o)
 .text.CySysWdtEnable
                0x00000000       0x24 .\CortexM0\ARM_GCC_473\Release\app.a(CyLib.o)
 .text.CySysWdtDisable
                0x00000000       0x24 .\CortexM0\ARM_GCC_473\Release\app.a(CyLib.o)
 .text.CySysWdtWriteCascade
                0x00000000       0x44 .\CortexM0\ARM_GCC_473\Release\app.a(CyLib.o)
 .text.CySysWdtReadCascade
                0x00000000       0x14 .\CortexM0\ARM_GCC_473\Release\app.a(CyLib.o)
 .text.CySysWdtWriteToggleBit
                0x00000000       0x3c .\CortexM0\ARM_GCC_473\Release\app.a(CyLib.o)
 .text.CySysWdtReadToggleBit
                0x00000000       0x10 .\CortexM0\ARM_GCC_473\Release\app.a(CyLib.o)
 .text.CySysWdtReadMatch
                0x00000000       0x10 .\CortexM0\ARM_GCC_473\Release\app.a(CyLib.o)
 .text.CySysWdtReadCount
                0x00000000       0x30 .\CortexM0\ARM_GCC_473\Release\app.a(CyLib.o)
 .text.CySysWdtGetInterruptSource
                0x00000000       0x14 .\CortexM0\ARM_GCC_473\Release\app.a(CyLib.o)
 .text.CySysWdtClearInterrupt
                0x00000000       0x80 .\CortexM0\ARM_GCC_473\Release\app.a(CyLib.o)
 .text.CySysWdtResetCounters
                0x00000000       0x2c .\CortexM0\ARM_GCC_473\Release\app.a(CyLib.o)
 .text.CySysLvdEnable
                0x00000000       0x2c .\CortexM0\ARM_GCC_473\Release\app.a(CyLib.o)
 .text.CySysLvdDisable
                0x00000000       0x20 .\CortexM0\ARM_GCC_473\Release\app.a(CyLib.o)
 .text.CySysLvdGetInterruptSource
                0x00000000       0x10 .\CortexM0\ARM_GCC_473\Release\app.a(CyLib.o)
 .text.CySysLvdClearInterrupt
                0x00000000        0xc .\CortexM0\ARM_GCC_473\Release\app.a(CyLib.o)
 .text.CySysGetResetReason
                0x00000000       0x14 .\CortexM0\ARM_GCC_473\Release\app.a(CyLib.o)
 .text.CyDisableInts
                0x00000000       0x10 .\CortexM0\ARM_GCC_473\Release\app.a(CyLib.o)
 .text.CyEnableInts
                0x00000000        0xc .\CortexM0\ARM_GCC_473\Release\app.a(CyLib.o)
 .text.CyIntSetSysVector
                0x00000000        0xe .\CortexM0\ARM_GCC_473\Release\app.a(CyLib.o)
 .text.CyIntGetSysVector
                0x00000000        0xc .\CortexM0\ARM_GCC_473\Release\app.a(CyLib.o)
 .text.CyIntGetVector
                0x00000000       0x10 .\CortexM0\ARM_GCC_473\Release\app.a(CyLib.o)
 .text.CyIntGetPriority
                0x00000000       0x20 .\CortexM0\ARM_GCC_473\Release\app.a(CyLib.o)
 .text.CyIntEnable
                0x00000000       0x14 .\CortexM0\ARM_GCC_473\Release\app.a(CyLib.o)
 .text.CyIntGetState
                0x00000000       0x18 .\CortexM0\ARM_GCC_473\Release\app.a(CyLib.o)
 .text.CyIntDisable
                0x00000000       0x14 .\CortexM0\ARM_GCC_473\Release\app.a(CyLib.o)
 .text.CyIntSetPending
                0x00000000       0x14 .\CortexM0\ARM_GCC_473\Release\app.a(CyLib.o)
 .text.CyIntClearPending
                0x00000000       0x14 .\CortexM0\ARM_GCC_473\Release\app.a(CyLib.o)
 .text.CyHalt   0x00000000        0x4 .\CortexM0\ARM_GCC_473\Release\app.a(CyLib.o)
 .text.CySoftwareReset
                0x00000000       0x18 .\CortexM0\ARM_GCC_473\Release\app.a(CyLib.o)
 .text.CySysWdtWriteMatch
                0x00000000       0x3c .\CortexM0\ARM_GCC_473\Release\app.a(CyLib.o)
 .text.CySysClkWriteImoFreq
                0x00000000      0x138 .\CortexM0\ARM_GCC_473\Release\app.a(CyLib.o)
 .text.CyDelayFreq
                0x00000000       0x48 .\CortexM0\ARM_GCC_473\Release\app.a(CyLib.o)
 .rodata        0x00000000       0x2e .\CortexM0\ARM_GCC_473\Release\app.a(CyLib.o)
 .data          0x00000000        0x0 c:/program files (x86)/cypress/psoc creator/3.0/psoc creator/import/gnu_cs/arm/4.7.3/bin/../lib/gcc/arm-none-eabi/4.7.3/armv6-m\libgcc.a(_thumb1_case_uqi.o)
 .bss           0x00000000        0x0 c:/program files (x86)/cypress/psoc creator/3.0/psoc creator/import/gnu_cs/arm/4.7.3/bin/../lib/gcc/arm-none-eabi/4.7.3/armv6-m\libgcc.a(_thumb1_case_uqi.o)
 .text          0x00000000       0x9c c:/program files (x86)/cypress/psoc creator/3.0/psoc creator/import/gnu_cs/arm/4.7.3/bin/../lib/gcc/arm-none-eabi/4.7.3/armv6-m\libgcc.a(_udivsi3.o)
 .data          0x00000000        0x0 c:/program files (x86)/cypress/psoc creator/3.0/psoc creator/import/gnu_cs/arm/4.7.3/bin/../lib/gcc/arm-none-eabi/4.7.3/armv6-m\libgcc.a(_udivsi3.o)
 .bss           0x00000000        0x0 c:/program files (x86)/cypress/psoc creator/3.0/psoc creator/import/gnu_cs/arm/4.7.3/bin/../lib/gcc/arm-none-eabi/4.7.3/armv6-m\libgcc.a(_udivsi3.o)
 .data          0x00000000        0x0 c:/program files (x86)/cypress/psoc creator/3.0/psoc creator/import/gnu_cs/arm/4.7.3/bin/../lib/gcc/arm-none-eabi/4.7.3/armv6-m\libgcc.a(_divsi3.o)
 .bss           0x00000000        0x0 c:/program files (x86)/cypress/psoc creator/3.0/psoc creator/import/gnu_cs/arm/4.7.3/bin/../lib/gcc/arm-none-eabi/4.7.3/armv6-m\libgcc.a(_divsi3.o)
 .data          0x00000000        0x0 c:/program files (x86)/cypress/psoc creator/3.0/psoc creator/import/gnu_cs/arm/4.7.3/bin/../lib/gcc/arm-none-eabi/4.7.3/armv6-m\libgcc.a(_dvmd_tls.o)
 .bss           0x00000000        0x0 c:/program files (x86)/cypress/psoc creator/3.0/psoc creator/import/gnu_cs/arm/4.7.3/bin/../lib/gcc/arm-none-eabi/4.7.3/armv6-m\libgcc.a(_dvmd_tls.o)
 .text          0x00000000       0x48 c:/program files (x86)/cypress/psoc creator/3.0/psoc creator/import/gnu_cs/arm/4.7.3/bin/../lib/gcc/arm-none-eabi/4.7.3/armv6-m\libgcc.a(_aeabi_ldivmod.o)
 .data          0x00000000        0x0 c:/program files (x86)/cypress/psoc creator/3.0/psoc creator/import/gnu_cs/arm/4.7.3/bin/../lib/gcc/arm-none-eabi/4.7.3/armv6-m\libgcc.a(_aeabi_ldivmod.o)
 .bss           0x00000000        0x0 c:/program files (x86)/cypress/psoc creator/3.0/psoc creator/import/gnu_cs/arm/4.7.3/bin/../lib/gcc/arm-none-eabi/4.7.3/armv6-m\libgcc.a(_aeabi_ldivmod.o)
 .text          0x00000000       0x44 c:/program files (x86)/cypress/psoc creator/3.0/psoc creator/import/gnu_cs/arm/4.7.3/bin/../lib/gcc/arm-none-eabi/4.7.3/armv6-m\libgcc.a(_muldi3.o)
 .data          0x00000000        0x0 c:/program files (x86)/cypress/psoc creator/3.0/psoc creator/import/gnu_cs/arm/4.7.3/bin/../lib/gcc/arm-none-eabi/4.7.3/armv6-m\libgcc.a(_muldi3.o)
 .bss           0x00000000        0x0 c:/program files (x86)/cypress/psoc creator/3.0/psoc creator/import/gnu_cs/arm/4.7.3/bin/../lib/gcc/arm-none-eabi/4.7.3/armv6-m\libgcc.a(_muldi3.o)
 .text          0x00000000       0x74 c:/program files (x86)/cypress/psoc creator/3.0/psoc creator/import/gnu_cs/arm/4.7.3/bin/../lib/gcc/arm-none-eabi/4.7.3/armv6-m\libgcc.a(bpabi.o)
 .data          0x00000000        0x0 c:/program files (x86)/cypress/psoc creator/3.0/psoc creator/import/gnu_cs/arm/4.7.3/bin/../lib/gcc/arm-none-eabi/4.7.3/armv6-m\libgcc.a(bpabi.o)
 .bss           0x00000000        0x0 c:/program files (x86)/cypress/psoc creator/3.0/psoc creator/import/gnu_cs/arm/4.7.3/bin/../lib/gcc/arm-none-eabi/4.7.3/armv6-m\libgcc.a(bpabi.o)
 .text          0x00000000      0x274 c:/program files (x86)/cypress/psoc creator/3.0/psoc creator/import/gnu_cs/arm/4.7.3/bin/../lib/gcc/arm-none-eabi/4.7.3/armv6-m\libgcc.a(divsf3.o)
 .data          0x00000000        0x0 c:/program files (x86)/cypress/psoc creator/3.0/psoc creator/import/gnu_cs/arm/4.7.3/bin/../lib/gcc/arm-none-eabi/4.7.3/armv6-m\libgcc.a(divsf3.o)
 .bss           0x00000000        0x0 c:/program files (x86)/cypress/psoc creator/3.0/psoc creator/import/gnu_cs/arm/4.7.3/bin/../lib/gcc/arm-none-eabi/4.7.3/armv6-m\libgcc.a(divsf3.o)
 .rodata        0x00000000       0x40 c:/program files (x86)/cypress/psoc creator/3.0/psoc creator/import/gnu_cs/arm/4.7.3/bin/../lib/gcc/arm-none-eabi/4.7.3/armv6-m\libgcc.a(divsf3.o)
 .text          0x00000000      0x260 c:/program files (x86)/cypress/psoc creator/3.0/psoc creator/import/gnu_cs/arm/4.7.3/bin/../lib/gcc/arm-none-eabi/4.7.3/armv6-m\libgcc.a(mulsf3.o)
 .data          0x00000000        0x0 c:/program files (x86)/cypress/psoc creator/3.0/psoc creator/import/gnu_cs/arm/4.7.3/bin/../lib/gcc/arm-none-eabi/4.7.3/armv6-m\libgcc.a(mulsf3.o)
 .bss           0x00000000        0x0 c:/program files (x86)/cypress/psoc creator/3.0/psoc creator/import/gnu_cs/arm/4.7.3/bin/../lib/gcc/arm-none-eabi/4.7.3/armv6-m\libgcc.a(mulsf3.o)
 .rodata        0x00000000       0x40 c:/program files (x86)/cypress/psoc creator/3.0/psoc creator/import/gnu_cs/arm/4.7.3/bin/../lib/gcc/arm-none-eabi/4.7.3/armv6-m\libgcc.a(mulsf3.o)
 .text          0x00000000       0xa8 c:/program files (x86)/cypress/psoc creator/3.0/psoc creator/import/gnu_cs/arm/4.7.3/bin/../lib/gcc/arm-none-eabi/4.7.3/armv6-m\libgcc.a(floatsisf.o)
 .data          0x00000000        0x0 c:/program files (x86)/cypress/psoc creator/3.0/psoc creator/import/gnu_cs/arm/4.7.3/bin/../lib/gcc/arm-none-eabi/4.7.3/armv6-m\libgcc.a(floatsisf.o)
 .bss           0x00000000        0x0 c:/program files (x86)/cypress/psoc creator/3.0/psoc creator/import/gnu_cs/arm/4.7.3/bin/../lib/gcc/arm-none-eabi/4.7.3/armv6-m\libgcc.a(floatsisf.o)
 .text          0x00000000       0x3c c:/program files (x86)/cypress/psoc creator/3.0/psoc creator/import/gnu_cs/arm/4.7.3/bin/../lib/gcc/arm-none-eabi/4.7.3/armv6-m\libgcc.a(_clzsi2.o)
 .data          0x00000000        0x0 c:/program files (x86)/cypress/psoc creator/3.0/psoc creator/import/gnu_cs/arm/4.7.3/bin/../lib/gcc/arm-none-eabi/4.7.3/armv6-m\libgcc.a(_clzsi2.o)
 .bss           0x00000000        0x0 c:/program files (x86)/cypress/psoc creator/3.0/psoc creator/import/gnu_cs/arm/4.7.3/bin/../lib/gcc/arm-none-eabi/4.7.3/armv6-m\libgcc.a(_clzsi2.o)
 .text          0x00000000      0x3d0 c:/program files (x86)/cypress/psoc creator/3.0/psoc creator/import/gnu_cs/arm/4.7.3/bin/../lib/gcc/arm-none-eabi/4.7.3/armv6-m\libgcc.a(_divdi3.o)
 .data          0x00000000        0x0 c:/program files (x86)/cypress/psoc creator/3.0/psoc creator/import/gnu_cs/arm/4.7.3/bin/../lib/gcc/arm-none-eabi/4.7.3/armv6-m\libgcc.a(_divdi3.o)
 .bss           0x00000000        0x0 c:/program files (x86)/cypress/psoc creator/3.0/psoc creator/import/gnu_cs/arm/4.7.3/bin/../lib/gcc/arm-none-eabi/4.7.3/armv6-m\libgcc.a(_divdi3.o)
 .ARM.extab     0x00000000        0x0 c:/program files (x86)/cypress/psoc creator/3.0/psoc creator/import/gnu_cs/arm/4.7.3/bin/../lib/gcc/arm-none-eabi/4.7.3/armv6-m\libgcc.a(_divdi3.o)
 .ARM.exidx     0x00000000        0x8 c:/program files (x86)/cypress/psoc creator/3.0/psoc creator/import/gnu_cs/arm/4.7.3/bin/../lib/gcc/arm-none-eabi/4.7.3/armv6-m\libgcc.a(_divdi3.o)
 .text          0x00000000      0x38c c:/program files (x86)/cypress/psoc creator/3.0/psoc creator/import/gnu_cs/arm/4.7.3/bin/../lib/gcc/arm-none-eabi/4.7.3/armv6-m\libgcc.a(_udivdi3.o)
 .data          0x00000000        0x0 c:/program files (x86)/cypress/psoc creator/3.0/psoc creator/import/gnu_cs/arm/4.7.3/bin/../lib/gcc/arm-none-eabi/4.7.3/armv6-m\libgcc.a(_udivdi3.o)
 .bss           0x00000000        0x0 c:/program files (x86)/cypress/psoc creator/3.0/psoc creator/import/gnu_cs/arm/4.7.3/bin/../lib/gcc/arm-none-eabi/4.7.3/armv6-m\libgcc.a(_udivdi3.o)
 .ARM.extab     0x00000000        0x0 c:/program files (x86)/cypress/psoc creator/3.0/psoc creator/import/gnu_cs/arm/4.7.3/bin/../lib/gcc/arm-none-eabi/4.7.3/armv6-m\libgcc.a(_udivdi3.o)
 .ARM.exidx     0x00000000        0x8 c:/program files (x86)/cypress/psoc creator/3.0/psoc creator/import/gnu_cs/arm/4.7.3/bin/../lib/gcc/arm-none-eabi/4.7.3/armv6-m\libgcc.a(_udivdi3.o)
 .text          0x00000000        0x0 c:/program files (x86)/cypress/psoc creator/3.0/psoc creator/import/gnu_cs/arm/4.7.3/bin/../lib/gcc/arm-none-eabi/4.7.3/../../../../arm-none-eabi/lib/armv6-m\libc_s.a(lib_a-__atexit2.o)
 .data          0x00000000        0x0 c:/program files (x86)/cypress/psoc creator/3.0/psoc creator/import/gnu_cs/arm/4.7.3/bin/../lib/gcc/arm-none-eabi/4.7.3/../../../../arm-none-eabi/lib/armv6-m\libc_s.a(lib_a-__atexit2.o)
 .bss           0x00000000        0x0 c:/program files (x86)/cypress/psoc creator/3.0/psoc creator/import/gnu_cs/arm/4.7.3/bin/../lib/gcc/arm-none-eabi/4.7.3/../../../../arm-none-eabi/lib/armv6-m\libc_s.a(lib_a-__atexit2.o)
 .text.__register_exitproc
                0x00000000       0x18 c:/program files (x86)/cypress/psoc creator/3.0/psoc creator/import/gnu_cs/arm/4.7.3/bin/../lib/gcc/arm-none-eabi/4.7.3/../../../../arm-none-eabi/lib/armv6-m\libc_s.a(lib_a-__atexit2.o)
 .text          0x00000000        0x0 c:/program files (x86)/cypress/psoc creator/3.0/psoc creator/import/gnu_cs/arm/4.7.3/bin/../lib/gcc/arm-none-eabi/4.7.3/../../../../arm-none-eabi/lib/armv6-m\libc_s.a(lib_a-exit.o)
 .data          0x00000000        0x0 c:/program files (x86)/cypress/psoc creator/3.0/psoc creator/import/gnu_cs/arm/4.7.3/bin/../lib/gcc/arm-none-eabi/4.7.3/../../../../arm-none-eabi/lib/armv6-m\libc_s.a(lib_a-exit.o)
 .bss           0x00000000        0x0 c:/program files (x86)/cypress/psoc creator/3.0/psoc creator/import/gnu_cs/arm/4.7.3/bin/../lib/gcc/arm-none-eabi/4.7.3/../../../../arm-none-eabi/lib/armv6-m\libc_s.a(lib_a-exit.o)
 .text.exit     0x00000000       0x30 c:/program files (x86)/cypress/psoc creator/3.0/psoc creator/import/gnu_cs/arm/4.7.3/bin/../lib/gcc/arm-none-eabi/4.7.3/../../../../arm-none-eabi/lib/armv6-m\libc_s.a(lib_a-exit.o)
 .text          0x00000000        0x0 c:/program files (x86)/cypress/psoc creator/3.0/psoc creator/import/gnu_cs/arm/4.7.3/bin/../lib/gcc/arm-none-eabi/4.7.3/../../../../arm-none-eabi/lib/armv6-m\libc_s.a(lib_a-fini.o)
 .data          0x00000000        0x0 c:/program files (x86)/cypress/psoc creator/3.0/psoc creator/import/gnu_cs/arm/4.7.3/bin/../lib/gcc/arm-none-eabi/4.7.3/../../../../arm-none-eabi/lib/armv6-m\libc_s.a(lib_a-fini.o)
 .bss           0x00000000        0x0 c:/program files (x86)/cypress/psoc creator/3.0/psoc creator/import/gnu_cs/arm/4.7.3/bin/../lib/gcc/arm-none-eabi/4.7.3/../../../../arm-none-eabi/lib/armv6-m\libc_s.a(lib_a-fini.o)
 .text.__libc_fini_array
                0x00000000       0x2c c:/program files (x86)/cypress/psoc creator/3.0/psoc creator/import/gnu_cs/arm/4.7.3/bin/../lib/gcc/arm-none-eabi/4.7.3/../../../../arm-none-eabi/lib/armv6-m\libc_s.a(lib_a-fini.o)
 .text          0x00000000        0x0 c:/program files (x86)/cypress/psoc creator/3.0/psoc creator/import/gnu_cs/arm/4.7.3/bin/../lib/gcc/arm-none-eabi/4.7.3/../../../../arm-none-eabi/lib/armv6-m\libc_s.a(lib_a-impure.o)
 .data          0x00000000        0x0 c:/program files (x86)/cypress/psoc creator/3.0/psoc creator/import/gnu_cs/arm/4.7.3/bin/../lib/gcc/arm-none-eabi/4.7.3/../../../../arm-none-eabi/lib/armv6-m\libc_s.a(lib_a-impure.o)
 .bss           0x00000000        0x0 c:/program files (x86)/cypress/psoc creator/3.0/psoc creator/import/gnu_cs/arm/4.7.3/bin/../lib/gcc/arm-none-eabi/4.7.3/../../../../arm-none-eabi/lib/armv6-m\libc_s.a(lib_a-impure.o)
 .data.impure_data
                0x00000000       0x64 c:/program files (x86)/cypress/psoc creator/3.0/psoc creator/import/gnu_cs/arm/4.7.3/bin/../lib/gcc/arm-none-eabi/4.7.3/../../../../arm-none-eabi/lib/armv6-m\libc_s.a(lib_a-impure.o)
 .data._impure_ptr
                0x00000000        0x4 c:/program files (x86)/cypress/psoc creator/3.0/psoc creator/import/gnu_cs/arm/4.7.3/bin/../lib/gcc/arm-none-eabi/4.7.3/../../../../arm-none-eabi/lib/armv6-m\libc_s.a(lib_a-impure.o)
 .rodata.str1.1
                0x00000000        0x2 c:/program files (x86)/cypress/psoc creator/3.0/psoc creator/import/gnu_cs/arm/4.7.3/bin/../lib/gcc/arm-none-eabi/4.7.3/../../../../arm-none-eabi/lib/armv6-m\libc_s.a(lib_a-impure.o)
 .rodata._global_impure_ptr
                0x00000000        0x4 c:/program files (x86)/cypress/psoc creator/3.0/psoc creator/import/gnu_cs/arm/4.7.3/bin/../lib/gcc/arm-none-eabi/4.7.3/../../../../arm-none-eabi/lib/armv6-m\libc_s.a(lib_a-impure.o)
 .text          0x00000000        0x0 c:/program files (x86)/cypress/psoc creator/3.0/psoc creator/import/gnu_cs/arm/4.7.3/bin/../lib/gcc/arm-none-eabi/4.7.3/../../../../arm-none-eabi/lib/armv6-m\libc_s.a(lib_a-init.o)
 .data          0x00000000        0x0 c:/program files (x86)/cypress/psoc creator/3.0/psoc creator/import/gnu_cs/arm/4.7.3/bin/../lib/gcc/arm-none-eabi/4.7.3/../../../../arm-none-eabi/lib/armv6-m\libc_s.a(lib_a-init.o)
 .bss           0x00000000        0x0 c:/program files (x86)/cypress/psoc creator/3.0/psoc creator/import/gnu_cs/arm/4.7.3/bin/../lib/gcc/arm-none-eabi/4.7.3/../../../../arm-none-eabi/lib/armv6-m\libc_s.a(lib_a-init.o)
 .text          0x00000000        0x0 c:/program files (x86)/cypress/psoc creator/3.0/psoc creator/import/gnu_cs/arm/4.7.3/bin/../lib/gcc/arm-none-eabi/4.7.3/../../../../arm-none-eabi/lib/armv6-m\libc_s.a(lib_a-memset.o)
 .data          0x00000000        0x0 c:/program files (x86)/cypress/psoc creator/3.0/psoc creator/import/gnu_cs/arm/4.7.3/bin/../lib/gcc/arm-none-eabi/4.7.3/../../../../arm-none-eabi/lib/armv6-m\libc_s.a(lib_a-memset.o)
 .bss           0x00000000        0x0 c:/program files (x86)/cypress/psoc creator/3.0/psoc creator/import/gnu_cs/arm/4.7.3/bin/../lib/gcc/arm-none-eabi/4.7.3/../../../../arm-none-eabi/lib/armv6-m\libc_s.a(lib_a-memset.o)
 .text          0x00000000        0x0 c:/program files (x86)/cypress/psoc creator/3.0/psoc creator/import/gnu_cs/arm/4.7.3/bin/../lib/gcc/arm-none-eabi/4.7.3/armv6-m/crtend.o
 .data          0x00000000        0x0 c:/program files (x86)/cypress/psoc creator/3.0/psoc creator/import/gnu_cs/arm/4.7.3/bin/../lib/gcc/arm-none-eabi/4.7.3/armv6-m/crtend.o
 .bss           0x00000000        0x0 c:/program files (x86)/cypress/psoc creator/3.0/psoc creator/import/gnu_cs/arm/4.7.3/bin/../lib/gcc/arm-none-eabi/4.7.3/armv6-m/crtend.o
 .text          0x00000000        0x0 c:/program files (x86)/cypress/psoc creator/3.0/psoc creator/import/gnu_cs/arm/4.7.3/bin/../lib/gcc/arm-none-eabi/4.7.3/armv6-m/crtn.o
 .data          0x00000000        0x0 c:/program files (x86)/cypress/psoc creator/3.0/psoc creator/import/gnu_cs/arm/4.7.3/bin/../lib/gcc/arm-none-eabi/4.7.3/armv6-m/crtn.o
 .bss           0x00000000        0x0 c:/program files (x86)/cypress/psoc creator/3.0/psoc creator/import/gnu_cs/arm/4.7.3/bin/../lib/gcc/arm-none-eabi/4.7.3/armv6-m/crtn.o

Memory Configuration

Name             Origin             Length             Attributes
rom              0x00000000         0x00008000         xr
ram              0x20000000         0x00001000         xrw
*default*        0x00000000         0xffffffff

Linker script and memory map

LOAD c:/program files (x86)/cypress/psoc creator/3.0/psoc creator/import/gnu_cs/arm/4.7.3/bin/../lib/gcc/arm-none-eabi/4.7.3/armv6-m/crti.o
LOAD c:/program files (x86)/cypress/psoc creator/3.0/psoc creator/import/gnu_cs/arm/4.7.3/bin/../lib/gcc/arm-none-eabi/4.7.3/armv6-m/crtbegin.o
LOAD c:/program files (x86)/cypress/psoc creator/3.0/psoc creator/import/gnu_cs/arm/4.7.3/bin/../lib/gcc/arm-none-eabi/4.7.3/../../../../arm-none-eabi/lib/armv6-m/crt0.o
START GROUP
LOAD .\CortexM0\ARM_GCC_473\Release\main.o
LOAD .\CortexM0\ARM_GCC_473\Release\cybootloader.o
LOAD .\CortexM0\ARM_GCC_473\Release\cymetadata.o
LOAD .\CortexM0\ARM_GCC_473\Release\Cm0Start.o
LOAD .\CortexM0\ARM_GCC_473\Release\app.a
LOAD C:\Program Files (x86)\Cypress\PSoC Creator\3.0\PSoC Creator\psoc\content\cycomponentlibrary\CyComponentLibrary.cylib\CortexM0\ARM_GCC_473\Release\CyComponentLibrary.a
END GROUP
START GROUP
LOAD c:/program files (x86)/cypress/psoc creator/3.0/psoc creator/import/gnu_cs/arm/4.7.3/bin/../lib/gcc/arm-none-eabi/4.7.3/armv6-m\libgcc.a
LOAD c:/program files (x86)/cypress/psoc creator/3.0/psoc creator/import/gnu_cs/arm/4.7.3/bin/../lib/gcc/arm-none-eabi/4.7.3/../../../../arm-none-eabi/lib/armv6-m\libc_s.a
END GROUP
LOAD c:/program files (x86)/cypress/psoc creator/3.0/psoc creator/import/gnu_cs/arm/4.7.3/bin/../lib/gcc/arm-none-eabi/4.7.3/armv6-m/crtend.o
LOAD c:/program files (x86)/cypress/psoc creator/3.0/psoc creator/import/gnu_cs/arm/4.7.3/bin/../lib/gcc/arm-none-eabi/4.7.3/armv6-m/crtn.o
START GROUP
LOAD c:/program files (x86)/cypress/psoc creator/3.0/psoc creator/import/gnu_cs/arm/4.7.3/bin/../lib/gcc/arm-none-eabi/4.7.3/armv6-m\libgcc.a
LOAD c:/program files (x86)/cypress/psoc creator/3.0/psoc creator/import/gnu_cs/arm/4.7.3/bin/../lib/gcc/arm-none-eabi/4.7.3/../../../../arm-none-eabi/lib/armv6-m\libc.a
LOAD c:/program files (x86)/cypress/psoc creator/3.0/psoc creator/import/gnu_cs/arm/4.7.3/bin/../lib/gcc/arm-none-eabi/4.7.3/../../../../arm-none-eabi/lib/armv6-m\libnosys.a
END GROUP
                0x00000000                CY_APPL_ORIGIN = 0x0
                0x00000080                CY_FLASH_ROW_SIZE = 0x80
                0x00000001                CY_APPL_NUM = 0x1
                0x00000040                CY_METADATA_SIZE = 0x40
                0x20000130                PROVIDE (__cy_heap_start, _end)
                0x00000001                PROVIDE (__cy_region_num, ((__cy_regions_end - __cy_regions) / 0x10))
                0x20001000                PROVIDE (__cy_stack, (ORIGIN (ram) + 0x1000))
                0x20000c00                PROVIDE (__cy_heap_end, (__cy_stack - 0x400))

.cybootloader   0x00000000      0xb80
 *(.cybootloader)
 .cybootloader  0x00000000      0xb80 .\CortexM0\ARM_GCC_473\Release\cybootloader.o
                0x00000000                cy_bootloader
                0x00000b80                appl1_start = CY_APPL_ORIGIN?CY_APPL_ORIGIN:ALIGN (CY_FLASH_ROW_SIZE)
                0x00004580                appl2_start = (appl1_start + ALIGN ((((0x8000 - appl1_start) - (0x2 * CY_FLASH_ROW_SIZE)) / 0x2), CY_FLASH_ROW_SIZE))
                0x00000b80                appl_start = (CY_APPL_NUM == 0x1)?appl1_start:appl2_start

.text           0x00000b80      0xc7a
 CREATE_OBJECT_SYMBOLS
                0x00000b80                PROVIDE (__cy_interrupt_vector, RomVectors)
 *(.romvectors)
 .romvectors    0x00000b80       0x10 .\CortexM0\ARM_GCC_473\Release\Cm0Start.o
                0x00000b80                RomVectors
                0x00000001                ASSERT ((. != __cy_interrupt_vector), No interrupt vector)
                0x00000001                ASSERT (CY_APPL_ORIGIN?(SIZEOF (.cybootloader) <= CY_APPL_ORIGIN):0x1, Wrong image location)
                0x00000b90                PROVIDE (__cy_reset, Reset)
 *(.text.Reset)
 .text.Reset    0x00000b90       0x10 .\CortexM0\ARM_GCC_473\Release\Cm0Start.o
                0x00000b90                Reset
                0x00000001                ASSERT ((. != __cy_reset), No reset code)
 *(.psocinit)
 .psocinit      0x00000ba0      0x20c .\CortexM0\ARM_GCC_473\Release\app.a(cyfitter_cfg.o)
                0x00000ba0                cyfitter_cfg
                0x00000dac                . = MAX (., 0x100)
 *(.text .text.* .gnu.linkonce.t.*)
 .text          0x00000dac       0x60 c:/program files (x86)/cypress/psoc creator/3.0/psoc creator/import/gnu_cs/arm/4.7.3/bin/../lib/gcc/arm-none-eabi/4.7.3/armv6-m/crtbegin.o
 .text.read     0x00000e0c      0x110 .\CortexM0\ARM_GCC_473\Release\main.o
                0x00000e0c                read
 .text.startup.main
                0x00000f1c       0x78 .\CortexM0\ARM_GCC_473\Release\main.o
                0x00000f1c                main
 .text.IntDefaultHandler
                0x00000f94        0x4 .\CortexM0\ARM_GCC_473\Release\Cm0Start.o
                0x00000f94                IntDefaultHandler
 .text.Start_c  0x00000f98       0x48 .\CortexM0\ARM_GCC_473\Release\Cm0Start.o
                0x00000f98                Start_c
 .text.startup.initialize_psoc
                0x00000fe0       0x54 .\CortexM0\ARM_GCC_473\Release\Cm0Start.o
                0x00000fe0                initialize_psoc
 .text.SetAnalogRoutingPumps
                0x00001034       0x20 .\CortexM0\ARM_GCC_473\Release\app.a(cyfitter_cfg.o)
                0x00001034                SetAnalogRoutingPumps
 .text.AMux_DisconnectAll
                0x00001054       0x50 .\CortexM0\ARM_GCC_473\Release\app.a(cyfitter_cfg.o)
                0x00001054                AMux_DisconnectAll
 .text.AMux_Next
                0x000010a4       0x94 .\CortexM0\ARM_GCC_473\Release\app.a(cyfitter_cfg.o)
                0x000010a4                AMux_Next
 .text.Thermistor_GetResistance
                0x00001138       0x2c .\CortexM0\ARM_GCC_473\Release\app.a(Thermistor.o)
                0x00001138                Thermistor_GetResistance
 .text.Thermistor_GetTemperature
                0x00001164       0x80 .\CortexM0\ARM_GCC_473\Release\app.a(Thermistor.o)
                0x00001164                Thermistor_GetTemperature
 .text.ADC_Init
                0x000011e4       0xd4 .\CortexM0\ARM_GCC_473\Release\app.a(ADC.o)
                0x000011e4                ADC_Init
 .text.ADC_Enable
                0x000012b8       0x1c .\CortexM0\ARM_GCC_473\Release\app.a(ADC.o)
                0x000012b8                ADC_Enable
 .text.ADC_Start
                0x000012d4       0x1c .\CortexM0\ARM_GCC_473\Release\app.a(ADC.o)
                0x000012d4                ADC_Start
 .text.ADC_Stop
                0x000012f0       0x10 .\CortexM0\ARM_GCC_473\Release\app.a(ADC.o)
                0x000012f0                ADC_Stop
 .text.ADC_StartConvert
                0x00001300       0x14 .\CortexM0\ARM_GCC_473\Release\app.a(ADC.o)
                0x00001300                ADC_StartConvert
 .text.ADC_StopConvert
                0x00001314       0x14 .\CortexM0\ARM_GCC_473\Release\app.a(ADC.o)
                0x00001314                ADC_StopConvert
 .text.ADC_IsEndConversion
                0x00001328       0x24 .\CortexM0\ARM_GCC_473\Release\app.a(ADC.o)
                0x00001328                ADC_IsEndConversion
 .text.ADC_GetResult16
                0x0000134c       0x18 .\CortexM0\ARM_GCC_473\Release\app.a(ADC.o)
                0x0000134c                ADC_GetResult16
 .text.ADC_SetOffset
                0x00001364        0xc .\CortexM0\ARM_GCC_473\Release\app.a(ADC.o)
                0x00001364                ADC_SetOffset
 .text.ADC_Sleep
                0x00001370       0x48 .\CortexM0\ARM_GCC_473\Release\app.a(ADC_PM.o)
                0x00001370                ADC_Sleep
 .text.ADC_Wakeup
                0x000013b8       0x2c .\CortexM0\ARM_GCC_473\Release\app.a(ADC_PM.o)
                0x000013b8                ADC_Wakeup
 .text.ADC_ISR  0x000013e4        0xc .\CortexM0\ARM_GCC_473\Release\app.a(ADC_INT.o)
                0x000013e4                ADC_ISR
 .text.EN_Write
                0x000013f0       0x18 .\CortexM0\ARM_GCC_473\Release\app.a(EN.o)
                0x000013f0                EN_Write
 .text.UART_Enable
                0x00001408       0x14 .\CortexM0\ARM_GCC_473\Release\app.a(UART.o)
                0x00001408                UART_Enable
 .text.UART_Start
                0x0000141c       0x1c .\CortexM0\ARM_GCC_473\Release\app.a(UART.o)
                0x0000141c                UART_Start
 .text.UART_SpiUartReadRxData
                0x00001438        0xc .\CortexM0\ARM_GCC_473\Release\app.a(UART_SPI_UART.o)
                0x00001438                UART_SpiUartReadRxData
 .text.UART_SpiUartGetRxBufferSize
                0x00001444       0x10 .\CortexM0\ARM_GCC_473\Release\app.a(UART_SPI_UART.o)
                0x00001444                UART_SpiUartGetRxBufferSize
 .text.UART_SpiUartWriteTxData
                0x00001454       0x1c .\CortexM0\ARM_GCC_473\Release\app.a(UART_SPI_UART.o)
                0x00001454                UART_SpiUartWriteTxData
 .text.UART_SpiUartDisableIntRx
                0x00001470       0x10 .\CortexM0\ARM_GCC_473\Release\app.a(UART_SPI_UART.o)
                0x00001470                UART_SpiUartDisableIntRx
 .text.UART_UartInit
                0x00001480       0x90 .\CortexM0\ARM_GCC_473\Release\app.a(UART_UART.o)
                0x00001480                UART_UartInit
 .text.UART_UartGetByte
                0x00001510       0x40 .\CortexM0\ARM_GCC_473\Release\app.a(UART_UART.o)
                0x00001510                UART_UartGetByte
 .text.Opamp_Init
                0x00001550       0x30 .\CortexM0\ARM_GCC_473\Release\app.a(Opamp.o)
                0x00001550                Opamp_Init
 .text.Opamp_Enable
                0x00001580       0x1c .\CortexM0\ARM_GCC_473\Release\app.a(Opamp.o)
                0x00001580                Opamp_Enable
 .text.Opamp_Start
                0x0000159c       0x1c .\CortexM0\ARM_GCC_473\Release\app.a(Opamp.o)
                0x0000159c                Opamp_Start
 .text.Opamp_Stop
                0x000015b8       0x14 .\CortexM0\ARM_GCC_473\Release\app.a(Opamp.o)
                0x000015b8                Opamp_Stop
 .text.Opamp_Sleep
                0x000015cc       0x24 .\CortexM0\ARM_GCC_473\Release\app.a(Opamp_PM.o)
                0x000015cc                Opamp_Sleep
 .text.Opamp_Wakeup
                0x000015f0       0x14 .\CortexM0\ARM_GCC_473\Release\app.a(Opamp_PM.o)
                0x000015f0                Opamp_Wakeup
 .text.AMux_Start
                0x00001604       0x14 .\CortexM0\ARM_GCC_473\Release\app.a(AMux.o)
                0x00001604                AMux_Start
 .text.AMux_Stop
                0x00001618        0x8 .\CortexM0\ARM_GCC_473\Release\app.a(AMux.o)
                0x00001618                AMux_Stop
 .text          0x00001620       0x20 .\CortexM0\ARM_GCC_473\Release\app.a(CyBootAsmGnu.o)
                0x00001620                CyDelayCycles
                0x00001632                CyEnterCriticalSection
                0x0000163a                CyExitCriticalSection
 .text.CyIntSetVector
                0x00001640       0x10 .\CortexM0\ARM_GCC_473\Release\app.a(CyLib.o)
                0x00001640                CyIntSetVector
 .text.CyIntSetPriority
                0x00001650       0x34 .\CortexM0\ARM_GCC_473\Release\app.a(CyLib.o)
                0x00001650                CyIntSetPriority
 .text.CyDelay  0x00001684       0x2c .\CortexM0\ARM_GCC_473\Release\app.a(CyLib.o)
                0x00001684                CyDelay
 .text.CyDelayUs
                0x000016b0       0x14 .\CortexM0\ARM_GCC_473\Release\app.a(CyLib.o)
                0x000016b0                CyDelayUs
 .text          0x000016c4       0x14 c:/program files (x86)/cypress/psoc creator/3.0/psoc creator/import/gnu_cs/arm/4.7.3/bin/../lib/gcc/arm-none-eabi/4.7.3/armv6-m\libgcc.a(_thumb1_case_uqi.o)
                0x000016c4                __gnu_thumb1_case_uqi
 .text          0x000016d8       0xc0 c:/program files (x86)/cypress/psoc creator/3.0/psoc creator/import/gnu_cs/arm/4.7.3/bin/../lib/gcc/arm-none-eabi/4.7.3/armv6-m\libgcc.a(_divsi3.o)
                0x000016d8                __divsi3
                0x000016d8                __aeabi_idiv
                0x00001784                __aeabi_idivmod
 .text          0x00001798        0x4 c:/program files (x86)/cypress/psoc creator/3.0/psoc creator/import/gnu_cs/arm/4.7.3/bin/../lib/gcc/arm-none-eabi/4.7.3/armv6-m\libgcc.a(_dvmd_tls.o)
                0x00001798                __aeabi_idiv0
                0x00001798                __aeabi_ldiv0
 .text.__libc_init_array
                0x0000179c       0x4c c:/program files (x86)/cypress/psoc creator/3.0/psoc creator/import/gnu_cs/arm/4.7.3/bin/../lib/gcc/arm-none-eabi/4.7.3/../../../../arm-none-eabi/lib/armv6-m\libc_s.a(lib_a-init.o)
                0x0000179c                __libc_init_array
 .text.memset   0x000017e8       0x12 c:/program files (x86)/cypress/psoc creator/3.0/psoc creator/import/gnu_cs/arm/4.7.3/bin/../lib/gcc/arm-none-eabi/4.7.3/../../../../arm-none-eabi/lib/armv6-m\libc_s.a(lib_a-memset.o)
                0x000017e8                memset
 *(.plt)
 *(.gnu.warning)
 *(.glue_7t)
 .glue_7t       0x00000000        0x0 linker stubs
 *(.glue_7)
 .glue_7        0x00000000        0x0 linker stubs
 *(.vfp11_veneer)
 .vfp11_veneer  0x00000000        0x0 linker stubs
 *(.bootloader)
 *(.ARM.extab* .gnu.linkonce.armextab.*)
 *(.gcc_except_table)

.v4_bx          0x000017fc        0x0
 .v4_bx         0x00000000        0x0 linker stubs

.iplt           0x000017fc        0x0
 .iplt          0x00000000        0x0 c:/program files (x86)/cypress/psoc creator/3.0/psoc creator/import/gnu_cs/arm/4.7.3/bin/../lib/gcc/arm-none-eabi/4.7.3/armv6-m/crtbegin.o

.eh_frame_hdr
 *(.eh_frame_hdr)

.eh_frame       0x000017fc        0x4
 *(.eh_frame)
 .eh_frame      0x000017fc        0x0 c:/program files (x86)/cypress/psoc creator/3.0/psoc creator/import/gnu_cs/arm/4.7.3/bin/../lib/gcc/arm-none-eabi/4.7.3/armv6-m/crtbegin.o
 .eh_frame      0x000017fc        0x4 c:/program files (x86)/cypress/psoc creator/3.0/psoc creator/import/gnu_cs/arm/4.7.3/bin/../lib/gcc/arm-none-eabi/4.7.3/armv6-m/crtend.o
                0x00001800                PROVIDE (__exidx_start, .)

.ARM.exidx
 *(.ARM.exidx* .gnu.linkonce.armexidx.*)
                0x00001800                __exidx_end = .

.rodata         0x00001800      0xb70
 *(.rodata .rodata.* .gnu.linkonce.r.*)
 .rodata        0x00001800       0x44 .\CortexM0\ARM_GCC_473\Release\app.a(cyfitter_cfg.o)
 .rodata        0x00001844      0xaf4 .\CortexM0\ARM_GCC_473\Release\app.a(Thermistor.o)
                0x00002338                . = ALIGN (0x4)
 *(.init)
 .init          0x00002338        0x4 c:/program files (x86)/cypress/psoc creator/3.0/psoc creator/import/gnu_cs/arm/4.7.3/bin/../lib/gcc/arm-none-eabi/4.7.3/armv6-m/crti.o
                0x00002338                _init
 .init          0x0000233c        0x8 c:/program files (x86)/cypress/psoc creator/3.0/psoc creator/import/gnu_cs/arm/4.7.3/bin/../lib/gcc/arm-none-eabi/4.7.3/armv6-m/crtn.o
                0x00002344                . = ALIGN (0x4)
                0x00002344                __preinit_array_start = .
 *(.preinit_array)
                0x00002344                __preinit_array_end = .
                0x00002344                . = ALIGN (0x4)
                0x00002344                __init_array_start = .
 *(SORT(.init_array.*))
 *(.init_array)
 .init_array    0x00002344        0x4 c:/program files (x86)/cypress/psoc creator/3.0/psoc creator/import/gnu_cs/arm/4.7.3/bin/../lib/gcc/arm-none-eabi/4.7.3/armv6-m/crtbegin.o
 .init_array    0x00002348        0x4 .\CortexM0\ARM_GCC_473\Release\Cm0Start.o
                0x0000234c                __init_array_end = .
                0x0000234c                . = ALIGN (0x4)
 *(.fini)
 .fini          0x0000234c        0x4 c:/program files (x86)/cypress/psoc creator/3.0/psoc creator/import/gnu_cs/arm/4.7.3/bin/../lib/gcc/arm-none-eabi/4.7.3/armv6-m/crti.o
                0x0000234c                _fini
 .fini          0x00002350        0x8 c:/program files (x86)/cypress/psoc creator/3.0/psoc creator/import/gnu_cs/arm/4.7.3/bin/../lib/gcc/arm-none-eabi/4.7.3/armv6-m/crtn.o
                0x00002358                . = ALIGN (0x4)
                0x00002358                __fini_array_start = .
 *(.fini_array)
 .fini_array    0x00002358        0x4 c:/program files (x86)/cypress/psoc creator/3.0/psoc creator/import/gnu_cs/arm/4.7.3/bin/../lib/gcc/arm-none-eabi/4.7.3/armv6-m/crtbegin.o
 *(SORT(.fini_array.*))
                0x0000235c                __fini_array_end = .
                0x0000235c                . = ALIGN (0x4)
 *crtbegin.o(.ctors)
 *(EXCLUDE_FILE(*crtend.o) .ctors)
 *(SORT(.ctors.*))
 *crtend.o(.ctors)
                0x0000235c                . = ALIGN (0x4)
 *crtbegin.o(.dtors)
 *(EXCLUDE_FILE(*crtend.o) .dtors)
 *(SORT(.dtors.*))
 *crtend.o(.dtors)
                0x0000235c                . = ALIGN (0x4)
                0x0000235c                __cy_regions = .
                0x0000235c        0x4 LONG 0x2370 __cy_region_init_ram
                0x00002360        0x4 LONG 0x200000d0 __cy_region_start_data
                0x00002364        0x4 LONG 0x18 __cy_region_init_size_ram
                0x00002368        0x4 LONG 0x48 __cy_region_zero_size_ram
                0x0000236c                __cy_regions_end = .
                0x00002370                . = ALIGN (0x8)
 *fill*         0x0000236c        0x4 00
                0x00002370                _etext = .

.ramvectors     0x20000000       0xc0
                0x20000000                __cy_region_start_ram = .
 *(.ramvectors)
 .ramvectors    0x20000000       0xc0 .\CortexM0\ARM_GCC_473\Release\Cm0Start.o
                0x20000000                CyRamVectors

.btldr_run      0x200000c0        0x4
 *(.bootloaderruntype)
 .bootloaderruntype
                0x200000c0        0x4 .\CortexM0\ARM_GCC_473\Release\Cm0Start.o
                0x200000c0                cyBtldrRunType

.noinit         0x200000c8        0x4
 *(.noinit)
 .noinit        0x200000c8        0x4 .\CortexM0\ARM_GCC_473\Release\Cm0Start.o

.data           0x200000d0       0x18 load address 0x00002370
                0x200000d0                __cy_region_start_data = .
 *(.jcr)
 .jcr           0x200000d0        0x0 c:/program files (x86)/cypress/psoc creator/3.0/psoc creator/import/gnu_cs/arm/4.7.3/bin/../lib/gcc/arm-none-eabi/4.7.3/armv6-m/crtbegin.o
 .jcr           0x200000d0        0x4 c:/program files (x86)/cypress/psoc creator/3.0/psoc creator/import/gnu_cs/arm/4.7.3/bin/../lib/gcc/arm-none-eabi/4.7.3/armv6-m/crtend.o
 *(.got.plt)
 *(.got)
 *(.shdata)
 *(.data .data.* .gnu.linkonce.d.*)
 .data          0x200000d4        0x1 .\CortexM0\ARM_GCC_473\Release\app.a(cyfitter_cfg.o)
                0x200000d4                AMux_curChannel
 *fill*         0x200000d5        0x3 00
 .data          0x200000d8       0x10 .\CortexM0\ARM_GCC_473\Release\app.a(CyLib.o)
                0x200000d8                cydelay32kMs
                0x200000dc                cydelayFreqKhz
                0x200000e0                cydelayFreqMhz
                0x200000e4                cydelayFreqHz
                0x200000e8                . = ALIGN (0x8)
 *(.ram)
                0x200000e8                _edata = .

.igot.plt       0x200000e8        0x0 load address 0x00002388
 .igot.plt      0x00000000        0x0 c:/program files (x86)/cypress/psoc creator/3.0/psoc creator/import/gnu_cs/arm/4.7.3/bin/../lib/gcc/arm-none-eabi/4.7.3/armv6-m/crtbegin.o

.bss            0x200000e8       0x48 load address 0x00002388
                0x200000e8                PROVIDE (__bss_start__, .)
 *(.shbss)
 *(.bss .bss.* .gnu.linkonce.b.*)
 .bss           0x200000e8       0x1c c:/program files (x86)/cypress/psoc creator/3.0/psoc creator/import/gnu_cs/arm/4.7.3/bin/../lib/gcc/arm-none-eabi/4.7.3/armv6-m/crtbegin.o
 .bss           0x20000104        0x1 .\CortexM0\ARM_GCC_473\Release\app.a(ADC.o)
                0x20000104                ADC_initVar
 .bss           0x20000105        0x1 .\CortexM0\ARM_GCC_473\Release\app.a(ADC_PM.o)
 *fill*         0x20000106        0x2 00
 .bss           0x20000108        0x8 .\CortexM0\ARM_GCC_473\Release\app.a(UART.o)
                0x20000108                UART_initVar
                0x2000010c                UART_customIntrHandler
 .bss           0x20000110        0x4 .\CortexM0\ARM_GCC_473\Release\app.a(Opamp.o)
                0x20000110                Opamp_initVar
 .bss           0x20000114        0x1 .\CortexM0\ARM_GCC_473\Release\app.a(Opamp_PM.o)
 .bss           0x20000115        0x1 .\CortexM0\ARM_GCC_473\Release\app.a(AMux.o)
                0x20000115                AMux_initVar
 *(COMMON)
 COMMON         0x20000116        0xe .\CortexM0\ARM_GCC_473\Release\main.o
                0x20000116                REF
                0x2000011a                RH
                0x2000011c                T
                0x20000120                EXT
                0x20000122                CONF
 COMMON         0x20000124        0x6 .\CortexM0\ARM_GCC_473\Release\app.a(ADC.o)
                0x20000124                ADC_countsPer10Volt
                0x20000128                ADC_offset
                0x20000130                . = ALIGN (0x8)
 *fill*         0x2000012a        0x6 00
 *(.ram.b)
                0x20000130                _end = .
                0x20000130                __end = .
                0x20000130                PROVIDE (end, .)
                0x20000130                PROVIDE (__bss_end__, .)
                0x00002370                __cy_region_init_ram = LOADADDR (.data)
                0x00000018                __cy_region_init_size_ram = (_edata - ADDR (.data))
                0x00000048                __cy_region_zero_size_ram = (_end - _edata)

.heap           0x20000130      0x100 load address 0x00002388
                0x20000130                . = _end
                0x20000230                . = (. + 0x100)
 *fill*         0x20000130      0x100 00
                0x20000230                __cy_heap_limit = .

.stack          0x20000c00      0x400
                0x20000c00                __cy_stack_limit = .
                0x20001000                . = (. + 0x400)
 *fill*         0x20000c00      0x400 00
                0x00000001                ASSERT ((__cy_stack_limit >= __cy_heap_limit), region RAM overflowed with stack)

.cyloadermeta   0xf0000000       0x40
 *(.cyloadermeta)
 .cyloadermeta  0xf0000000       0x40 .\CortexM0\ARM_GCC_473\Release\cybootloader.o
                0xf0000000                cy_meta_loader

.cyloadablemeta
                0x00007fc0       0x40
 *(.cyloadablemeta)
 .cyloadablemeta
                0x00007fc0       0x40 .\CortexM0\ARM_GCC_473\Release\cymetadata.o
                0x00007fc0                cy_meta_loadable

.cyflashprotect
                0x90400000       0x20
 *(.cyflashprotect)
 .cyflashprotect
                0x90400000       0x20 .\CortexM0\ARM_GCC_473\Release\cybootloader.o
                0x90400000                cy_meta_flashprotect

.cymeta         0x90500000        0xc
 *(.cymeta)
 .cymeta        0x90500000        0xc .\CortexM0\ARM_GCC_473\Release\cybootloader.o
                0x90500000                cy_metadata

.cychipprotect  0x90600000        0x1
 *(.cychipprotect)
 .cychipprotect
                0x90600000        0x1 .\CortexM0\ARM_GCC_473\Release\cybootloader.o
                0x90600000                cy_meta_chipprotect

.rel.dyn        0x00008000        0x0 load address 0x90600004
 .rel.iplt      0x00000000        0x0 c:/program files (x86)/cypress/psoc creator/3.0/psoc creator/import/gnu_cs/arm/4.7.3/bin/../lib/gcc/arm-none-eabi/4.7.3/armv6-m/crtbegin.o

.stab
 *(.stab)

.stabstr
 *(.stabstr)

.debug
 *(.debug)

.line
 *(.line)

.debug_srcinfo
 *(.debug_srcinfo)

.debug_sfnames
 *(.debug_sfnames)

.debug_aranges  0x00000000      0x5a0
 *(.debug_aranges)
 .debug_aranges
                0x00000000       0x28 .\CortexM0\ARM_GCC_473\Release\main.o
 .debug_aranges
                0x00000028       0x18 .\CortexM0\ARM_GCC_473\Release\cybootloader.o
 .debug_aranges
                0x00000040       0x18 .\CortexM0\ARM_GCC_473\Release\cymetadata.o
 .debug_aranges
                0x00000058       0x40 .\CortexM0\ARM_GCC_473\Release\Cm0Start.o
 .debug_aranges
                0x00000098       0x38 .\CortexM0\ARM_GCC_473\Release\app.a(cyfitter_cfg.o)
 .debug_aranges
                0x000000d0       0x28 .\CortexM0\ARM_GCC_473\Release\app.a(Thermistor.o)
 .debug_aranges
                0x000000f8       0xa8 .\CortexM0\ARM_GCC_473\Release\app.a(ADC.o)
 .debug_aranges
                0x000001a0       0x38 .\CortexM0\ARM_GCC_473\Release\app.a(ADC_PM.o)
 .debug_aranges
                0x000001d8       0x20 .\CortexM0\ARM_GCC_473\Release\app.a(ADC_INT.o)
 .debug_aranges
                0x000001f8       0x40 .\CortexM0\ARM_GCC_473\Release\app.a(EN.o)
 .debug_aranges
                0x00000238       0x40 .\CortexM0\ARM_GCC_473\Release\app.a(UART.o)
 .debug_aranges
                0x00000278       0x60 .\CortexM0\ARM_GCC_473\Release\app.a(UART_SPI_UART.o)
 .debug_aranges
                0x000002d8       0x50 .\CortexM0\ARM_GCC_473\Release\app.a(UART_UART.o)
 .debug_aranges
                0x00000328       0x48 .\CortexM0\ARM_GCC_473\Release\app.a(Opamp.o)
 .debug_aranges
                0x00000370       0x38 .\CortexM0\ARM_GCC_473\Release\app.a(Opamp_PM.o)
 .debug_aranges
                0x000003a8       0x38 .\CortexM0\ARM_GCC_473\Release\app.a(AMux.o)
 .debug_aranges
                0x000003e0       0x20 .\CortexM0\ARM_GCC_473\Release\app.a(CyBootAsmGnu.o)
 .debug_aranges
                0x00000400      0x1a0 .\CortexM0\ARM_GCC_473\Release\app.a(CyLib.o)

.debug_pubnames
 *(.debug_pubnames)

.debug_info     0x00000000     0x3449
 *(.debug_info .gnu.linkonce.wi.*)
 .debug_info    0x00000000      0x5c1 .\CortexM0\ARM_GCC_473\Release\main.o
 .debug_info    0x000005c1      0x152 .\CortexM0\ARM_GCC_473\Release\cybootloader.o
 .debug_info    0x00000713       0xb2 .\CortexM0\ARM_GCC_473\Release\cymetadata.o
 .debug_info    0x000007c5      0x320 .\CortexM0\ARM_GCC_473\Release\Cm0Start.o
 .debug_info    0x00000ae5      0x59f .\CortexM0\ARM_GCC_473\Release\app.a(cyfitter_cfg.o)
 .debug_info    0x00001084      0x1aa .\CortexM0\ARM_GCC_473\Release\app.a(Thermistor.o)
 .debug_info    0x0000122e      0x581 .\CortexM0\ARM_GCC_473\Release\app.a(ADC.o)
 .debug_info    0x000017af      0x191 .\CortexM0\ARM_GCC_473\Release\app.a(ADC_PM.o)
 .debug_info    0x00001940       0xca .\CortexM0\ARM_GCC_473\Release\app.a(ADC_INT.o)
 .debug_info    0x00001a0a      0x168 .\CortexM0\ARM_GCC_473\Release\app.a(EN.o)
 .debug_info    0x00001b72      0x1c4 .\CortexM0\ARM_GCC_473\Release\app.a(UART.o)
 .debug_info    0x00001d36      0x242 .\CortexM0\ARM_GCC_473\Release\app.a(UART_SPI_UART.o)
 .debug_info    0x00001f78      0x2d9 .\CortexM0\ARM_GCC_473\Release\app.a(UART_UART.o)
 .debug_info    0x00002251      0x175 .\CortexM0\ARM_GCC_473\Release\app.a(Opamp.o)
 .debug_info    0x000023c6      0x170 .\CortexM0\ARM_GCC_473\Release\app.a(Opamp_PM.o)
 .debug_info    0x00002536      0x149 .\CortexM0\ARM_GCC_473\Release\app.a(AMux.o)
 .debug_info    0x0000267f       0x98 .\CortexM0\ARM_GCC_473\Release\app.a(CyBootAsmGnu.o)
 .debug_info    0x00002717      0xd32 .\CortexM0\ARM_GCC_473\Release\app.a(CyLib.o)

.debug_abbrev   0x00000000     0x148b
 *(.debug_abbrev)
 .debug_abbrev  0x00000000      0x160 .\CortexM0\ARM_GCC_473\Release\main.o
 .debug_abbrev  0x00000160       0x77 .\CortexM0\ARM_GCC_473\Release\cybootloader.o
 .debug_abbrev  0x000001d7       0x5d .\CortexM0\ARM_GCC_473\Release\cymetadata.o
 .debug_abbrev  0x00000234      0x1b7 .\CortexM0\ARM_GCC_473\Release\Cm0Start.o
 .debug_abbrev  0x000003eb      0x2e8 .\CortexM0\ARM_GCC_473\Release\app.a(cyfitter_cfg.o)
 .debug_abbrev  0x000006d3       0xc6 .\CortexM0\ARM_GCC_473\Release\app.a(Thermistor.o)
 .debug_abbrev  0x00000799      0x1fb .\CortexM0\ARM_GCC_473\Release\app.a(ADC.o)
 .debug_abbrev  0x00000994       0xb9 .\CortexM0\ARM_GCC_473\Release\app.a(ADC_PM.o)
 .debug_abbrev  0x00000a4d       0x67 .\CortexM0\ARM_GCC_473\Release\app.a(ADC_INT.o)
 .debug_abbrev  0x00000ab4       0xc6 .\CortexM0\ARM_GCC_473\Release\app.a(EN.o)
 .debug_abbrev  0x00000b7a      0x128 .\CortexM0\ARM_GCC_473\Release\app.a(UART.o)
 .debug_abbrev  0x00000ca2      0x16b .\CortexM0\ARM_GCC_473\Release\app.a(UART_SPI_UART.o)
 .debug_abbrev  0x00000e0d      0x16e .\CortexM0\ARM_GCC_473\Release\app.a(UART_UART.o)
 .debug_abbrev  0x00000f7b       0xc6 .\CortexM0\ARM_GCC_473\Release\app.a(Opamp.o)
 .debug_abbrev  0x00001041       0xc2 .\CortexM0\ARM_GCC_473\Release\app.a(Opamp_PM.o)
 .debug_abbrev  0x00001103       0xab .\CortexM0\ARM_GCC_473\Release\app.a(AMux.o)
 .debug_abbrev  0x000011ae       0x14 .\CortexM0\ARM_GCC_473\Release\app.a(CyBootAsmGnu.o)
 .debug_abbrev  0x000011c2      0x2c9 .\CortexM0\ARM_GCC_473\Release\app.a(CyLib.o)

.debug_line     0x00000000     0x1528
 *(.debug_line)
 .debug_line    0x00000000      0x121 .\CortexM0\ARM_GCC_473\Release\main.o
 .debug_line    0x00000121       0x55 .\CortexM0\ARM_GCC_473\Release\cybootloader.o
 .debug_line    0x00000176       0x53 .\CortexM0\ARM_GCC_473\Release\cymetadata.o
 .debug_line    0x000001c9      0x18e .\CortexM0\ARM_GCC_473\Release\Cm0Start.o
 .debug_line    0x00000357      0x227 .\CortexM0\ARM_GCC_473\Release\app.a(cyfitter_cfg.o)
 .debug_line    0x0000057e       0xc9 .\CortexM0\ARM_GCC_473\Release\app.a(Thermistor.o)
 .debug_line    0x00000647      0x21d .\CortexM0\ARM_GCC_473\Release\app.a(ADC.o)
 .debug_line    0x00000864       0xac .\CortexM0\ARM_GCC_473\Release\app.a(ADC_PM.o)
 .debug_line    0x00000910       0x6a .\CortexM0\ARM_GCC_473\Release\app.a(ADC_INT.o)
 .debug_line    0x0000097a       0xb3 .\CortexM0\ARM_GCC_473\Release\app.a(EN.o)
 .debug_line    0x00000a2d       0xd3 .\CortexM0\ARM_GCC_473\Release\app.a(UART.o)
 .debug_line    0x00000b00      0x127 .\CortexM0\ARM_GCC_473\Release\app.a(UART_SPI_UART.o)
 .debug_line    0x00000c27      0x156 .\CortexM0\ARM_GCC_473\Release\app.a(UART_UART.o)
 .debug_line    0x00000d7d       0xcf .\CortexM0\ARM_GCC_473\Release\app.a(Opamp.o)
 .debug_line    0x00000e4c       0xa4 .\CortexM0\ARM_GCC_473\Release\app.a(Opamp_PM.o)
 .debug_line    0x00000ef0       0xa6 .\CortexM0\ARM_GCC_473\Release\app.a(AMux.o)
 .debug_line    0x00000f96       0x68 .\CortexM0\ARM_GCC_473\Release\app.a(CyBootAsmGnu.o)
 .debug_line    0x00000ffe      0x52a .\CortexM0\ARM_GCC_473\Release\app.a(CyLib.o)

.debug_frame    0x00000000      0xe50
 *(.debug_frame)
 .debug_frame   0x00000000       0x4c .\CortexM0\ARM_GCC_473\Release\main.o
 .debug_frame   0x0000004c       0x98 .\CortexM0\ARM_GCC_473\Release\Cm0Start.o
 .debug_frame   0x000000e4       0x78 .\CortexM0\ARM_GCC_473\Release\app.a(cyfitter_cfg.o)
 .debug_frame   0x0000015c       0x4c .\CortexM0\ARM_GCC_473\Release\app.a(Thermistor.o)
 .debug_frame   0x000001a8      0x18c .\CortexM0\ARM_GCC_473\Release\app.a(ADC.o)
 .debug_frame   0x00000334       0x68 .\CortexM0\ARM_GCC_473\Release\app.a(ADC_PM.o)
 .debug_frame   0x0000039c       0x20 .\CortexM0\ARM_GCC_473\Release\app.a(ADC_INT.o)
 .debug_frame   0x000003bc       0x6c .\CortexM0\ARM_GCC_473\Release\app.a(EN.o)
 .debug_frame   0x00000428       0x78 .\CortexM0\ARM_GCC_473\Release\app.a(UART.o)
 .debug_frame   0x000004a0       0xb8 .\CortexM0\ARM_GCC_473\Release\app.a(UART_SPI_UART.o)
 .debug_frame   0x00000558       0xbc .\CortexM0\ARM_GCC_473\Release\app.a(UART_UART.o)
 .debug_frame   0x00000614       0x7c .\CortexM0\ARM_GCC_473\Release\app.a(Opamp.o)
 .debug_frame   0x00000690       0x68 .\CortexM0\ARM_GCC_473\Release\app.a(Opamp_PM.o)
 .debug_frame   0x000006f8       0x74 .\CortexM0\ARM_GCC_473\Release\app.a(AMux.o)
 .debug_frame   0x0000076c      0x428 .\CortexM0\ARM_GCC_473\Release\app.a(CyLib.o)
 .debug_frame   0x00000b94       0x20 c:/program files (x86)/cypress/psoc creator/3.0/psoc creator/import/gnu_cs/arm/4.7.3/bin/../lib/gcc/arm-none-eabi/4.7.3/armv6-m\libgcc.a(_udivsi3.o)
 .debug_frame   0x00000bb4       0x20 c:/program files (x86)/cypress/psoc creator/3.0/psoc creator/import/gnu_cs/arm/4.7.3/bin/../lib/gcc/arm-none-eabi/4.7.3/armv6-m\libgcc.a(_divsi3.o)
 .debug_frame   0x00000bd4       0x30 c:/program files (x86)/cypress/psoc creator/3.0/psoc creator/import/gnu_cs/arm/4.7.3/bin/../lib/gcc/arm-none-eabi/4.7.3/armv6-m\libgcc.a(_muldi3.o)
 .debug_frame   0x00000c04       0x60 c:/program files (x86)/cypress/psoc creator/3.0/psoc creator/import/gnu_cs/arm/4.7.3/bin/../lib/gcc/arm-none-eabi/4.7.3/armv6-m\libgcc.a(bpabi.o)
 .debug_frame   0x00000c64       0x3c c:/program files (x86)/cypress/psoc creator/3.0/psoc creator/import/gnu_cs/arm/4.7.3/bin/../lib/gcc/arm-none-eabi/4.7.3/armv6-m\libgcc.a(divsf3.o)
 .debug_frame   0x00000ca0       0x3c c:/program files (x86)/cypress/psoc creator/3.0/psoc creator/import/gnu_cs/arm/4.7.3/bin/../lib/gcc/arm-none-eabi/4.7.3/armv6-m\libgcc.a(mulsf3.o)
 .debug_frame   0x00000cdc       0x2c c:/program files (x86)/cypress/psoc creator/3.0/psoc creator/import/gnu_cs/arm/4.7.3/bin/../lib/gcc/arm-none-eabi/4.7.3/armv6-m\libgcc.a(floatsisf.o)
 .debug_frame   0x00000d08       0x3c c:/program files (x86)/cypress/psoc creator/3.0/psoc creator/import/gnu_cs/arm/4.7.3/bin/../lib/gcc/arm-none-eabi/4.7.3/armv6-m\libgcc.a(_divdi3.o)
 .debug_frame   0x00000d44       0x3c c:/program files (x86)/cypress/psoc creator/3.0/psoc creator/import/gnu_cs/arm/4.7.3/bin/../lib/gcc/arm-none-eabi/4.7.3/armv6-m\libgcc.a(_udivdi3.o)
 .debug_frame   0x00000d80       0x28 c:/program files (x86)/cypress/psoc creator/3.0/psoc creator/import/gnu_cs/arm/4.7.3/bin/../lib/gcc/arm-none-eabi/4.7.3/../../../../arm-none-eabi/lib/armv6-m\libc_s.a(lib_a-__atexit2.o)
 .debug_frame   0x00000da8       0x28 c:/program files (x86)/cypress/psoc creator/3.0/psoc creator/import/gnu_cs/arm/4.7.3/bin/../lib/gcc/arm-none-eabi/4.7.3/../../../../arm-none-eabi/lib/armv6-m\libc_s.a(lib_a-exit.o)
 .debug_frame   0x00000dd0       0x2c c:/program files (x86)/cypress/psoc creator/3.0/psoc creator/import/gnu_cs/arm/4.7.3/bin/../lib/gcc/arm-none-eabi/4.7.3/../../../../arm-none-eabi/lib/armv6-m\libc_s.a(lib_a-fini.o)
 .debug_frame   0x00000dfc       0x2c c:/program files (x86)/cypress/psoc creator/3.0/psoc creator/import/gnu_cs/arm/4.7.3/bin/../lib/gcc/arm-none-eabi/4.7.3/../../../../arm-none-eabi/lib/armv6-m\libc_s.a(lib_a-init.o)
 .debug_frame   0x00000e28       0x28 c:/program files (x86)/cypress/psoc creator/3.0/psoc creator/import/gnu_cs/arm/4.7.3/bin/../lib/gcc/arm-none-eabi/4.7.3/../../../../arm-none-eabi/lib/armv6-m\libc_s.a(lib_a-memset.o)

.debug_str      0x00000000     0x11de
 *(.debug_str)
 .debug_str     0x00000000      0x27e .\CortexM0\ARM_GCC_473\Release\main.o
                                0x2bd (size before relaxing)
 .debug_str     0x0000027e       0x7a .\CortexM0\ARM_GCC_473\Release\cybootloader.o
                                0x1b0 (size before relaxing)
 .debug_str     0x000002f8       0x37 .\CortexM0\ARM_GCC_473\Release\cymetadata.o
                                0x16d (size before relaxing)
 .debug_str     0x0000032f      0x137 .\CortexM0\ARM_GCC_473\Release\Cm0Start.o
                                0x28d (size before relaxing)
 .debug_str     0x00000466      0x1d4 .\CortexM0\ARM_GCC_473\Release\app.a(cyfitter_cfg.o)
                                0x370 (size before relaxing)
 .debug_str     0x0000063a       0x68 .\CortexM0\ARM_GCC_473\Release\app.a(Thermistor.o)
                                0x1e5 (size before relaxing)
 .debug_str     0x000006a2      0x194 .\CortexM0\ARM_GCC_473\Release\app.a(ADC.o)
                                0x381 (size before relaxing)
 .debug_str     0x00000836       0x6c .\CortexM0\ARM_GCC_473\Release\app.a(ADC_PM.o)
                                0x1f8 (size before relaxing)
 .debug_str     0x000008a2       0x37 .\CortexM0\ARM_GCC_473\Release\app.a(ADC_INT.o)
                                0x174 (size before relaxing)
 .debug_str     0x000008d9       0x6f .\CortexM0\ARM_GCC_473\Release\app.a(EN.o)
                                0x1b8 (size before relaxing)
 .debug_str     0x00000948       0xba .\CortexM0\ARM_GCC_473\Release\app.a(UART.o)
                                0x215 (size before relaxing)
 .debug_str     0x00000a02      0x103 .\CortexM0\ARM_GCC_473\Release\app.a(UART_SPI_UART.o)
                                0x285 (size before relaxing)
 .debug_str     0x00000b05       0xca .\CortexM0\ARM_GCC_473\Release\app.a(UART_UART.o)
                                0x2a7 (size before relaxing)
 .debug_str     0x00000bcf       0x7f .\CortexM0\ARM_GCC_473\Release\app.a(Opamp.o)
                                0x1c8 (size before relaxing)
 .debug_str     0x00000c4e       0x6a .\CortexM0\ARM_GCC_473\Release\app.a(Opamp_PM.o)
                                0x1e1 (size before relaxing)
 .debug_str     0x00000cb8       0x47 .\CortexM0\ARM_GCC_473\Release\app.a(AMux.o)
                                0x1b1 (size before relaxing)
 .debug_str     0x00000cff      0x4df .\CortexM0\ARM_GCC_473\Release\app.a(CyLib.o)
                                0x6a8 (size before relaxing)

.debug_loc      0x00000000     0x19a0
 *(.debug_loc)
 .debug_loc     0x00000000       0x53 .\CortexM0\ARM_GCC_473\Release\main.o
 .debug_loc     0x00000053      0x142 .\CortexM0\ARM_GCC_473\Release\Cm0Start.o
 .debug_loc     0x00000195      0x1e3 .\CortexM0\ARM_GCC_473\Release\app.a(cyfitter_cfg.o)
 .debug_loc     0x00000378      0x1a8 .\CortexM0\ARM_GCC_473\Release\app.a(Thermistor.o)
 .debug_loc     0x00000520      0x3ef .\CortexM0\ARM_GCC_473\Release\app.a(ADC.o)
 .debug_loc     0x0000090f       0x40 .\CortexM0\ARM_GCC_473\Release\app.a(ADC_PM.o)
 .debug_loc     0x0000094f       0x9d .\CortexM0\ARM_GCC_473\Release\app.a(EN.o)
 .debug_loc     0x000009ec       0x40 .\CortexM0\ARM_GCC_473\Release\app.a(UART.o)
 .debug_loc     0x00000a2c       0xf9 .\CortexM0\ARM_GCC_473\Release\app.a(UART_SPI_UART.o)
 .debug_loc     0x00000b25      0x1d2 .\CortexM0\ARM_GCC_473\Release\app.a(UART_UART.o)
 .debug_loc     0x00000cf7       0x41 .\CortexM0\ARM_GCC_473\Release\app.a(Opamp.o)
 .debug_loc     0x00000d38       0x40 .\CortexM0\ARM_GCC_473\Release\app.a(Opamp_PM.o)
 .debug_loc     0x00000d78       0x60 .\CortexM0\ARM_GCC_473\Release\app.a(AMux.o)
 .debug_loc     0x00000dd8      0xbc8 .\CortexM0\ARM_GCC_473\Release\app.a(CyLib.o)

.debug_macinfo
 *(.debug_macinfo)

.debug_ranges   0x00000000      0x568
 *(.debug_ranges)
 .debug_ranges  0x00000000       0x18 .\CortexM0\ARM_GCC_473\Release\main.o
 .debug_ranges  0x00000018       0x30 .\CortexM0\ARM_GCC_473\Release\Cm0Start.o
 .debug_ranges  0x00000048       0xc8 .\CortexM0\ARM_GCC_473\Release\app.a(cyfitter_cfg.o)
 .debug_ranges  0x00000110       0x18 .\CortexM0\ARM_GCC_473\Release\app.a(Thermistor.o)
 .debug_ranges  0x00000128       0x98 .\CortexM0\ARM_GCC_473\Release\app.a(ADC.o)
 .debug_ranges  0x000001c0       0x28 .\CortexM0\ARM_GCC_473\Release\app.a(ADC_PM.o)
 .debug_ranges  0x000001e8       0x10 .\CortexM0\ARM_GCC_473\Release\app.a(ADC_INT.o)
 .debug_ranges  0x000001f8       0x30 .\CortexM0\ARM_GCC_473\Release\app.a(EN.o)
 .debug_ranges  0x00000228       0x30 .\CortexM0\ARM_GCC_473\Release\app.a(UART.o)
 .debug_ranges  0x00000258       0x50 .\CortexM0\ARM_GCC_473\Release\app.a(UART_SPI_UART.o)
 .debug_ranges  0x000002a8       0x40 .\CortexM0\ARM_GCC_473\Release\app.a(UART_UART.o)
 .debug_ranges  0x000002e8       0x38 .\CortexM0\ARM_GCC_473\Release\app.a(Opamp.o)
 .debug_ranges  0x00000320       0x28 .\CortexM0\ARM_GCC_473\Release\app.a(Opamp_PM.o)
 .debug_ranges  0x00000348       0x28 .\CortexM0\ARM_GCC_473\Release\app.a(AMux.o)
 .debug_ranges  0x00000370      0x1f8 .\CortexM0\ARM_GCC_473\Release\app.a(CyLib.o)

.comment        0x00000000       0x70
 .comment       0x00000000       0x70 .\CortexM0\ARM_GCC_473\Release\main.o
                                 0x71 (size before relaxing)
 .comment       0x00000000       0x71 .\CortexM0\ARM_GCC_473\Release\cybootloader.o
 .comment       0x00000000       0x71 .\CortexM0\ARM_GCC_473\Release\cymetadata.o
 .comment       0x00000000       0x71 .\CortexM0\ARM_GCC_473\Release\Cm0Start.o
 .comment       0x00000000       0x71 .\CortexM0\ARM_GCC_473\Release\app.a(cyfitter_cfg.o)
 .comment       0x00000000       0x71 .\CortexM0\ARM_GCC_473\Release\app.a(Thermistor.o)
 .comment       0x00000000       0x71 .\CortexM0\ARM_GCC_473\Release\app.a(ADC.o)
 .comment       0x00000000       0x71 .\CortexM0\ARM_GCC_473\Release\app.a(ADC_PM.o)
 .comment       0x00000000       0x71 .\CortexM0\ARM_GCC_473\Release\app.a(ADC_INT.o)
 .comment       0x00000000       0x71 .\CortexM0\ARM_GCC_473\Release\app.a(EN.o)
 .comment       0x00000000       0x71 .\CortexM0\ARM_GCC_473\Release\app.a(UART.o)
 .comment       0x00000000       0x71 .\CortexM0\ARM_GCC_473\Release\app.a(UART_SPI_UART.o)
 .comment       0x00000000       0x71 .\CortexM0\ARM_GCC_473\Release\app.a(UART_UART.o)
 .comment       0x00000000       0x71 .\CortexM0\ARM_GCC_473\Release\app.a(Opamp.o)
 .comment       0x00000000       0x71 .\CortexM0\ARM_GCC_473\Release\app.a(Opamp_PM.o)
 .comment       0x00000000       0x71 .\CortexM0\ARM_GCC_473\Release\app.a(AMux.o)
 .comment       0x00000000       0x71 .\CortexM0\ARM_GCC_473\Release\app.a(CyLib.o)

.debug_weaknames
 *(.debug_weaknames)

.debug_funcnames
 *(.debug_funcnames)

.debug_typenames
 *(.debug_typenames)

.debug_varnames
 *(.debug_varnames)

.note.gnu.arm.ident
 *(.note.gnu.arm.ident)

.ARM.attributes
                0x00000000       0x28
 *(.ARM.attributes)
 .ARM.attributes
                0x00000000       0x1e c:/program files (x86)/cypress/psoc creator/3.0/psoc creator/import/gnu_cs/arm/4.7.3/bin/../lib/gcc/arm-none-eabi/4.7.3/armv6-m/crti.o
 .ARM.attributes
                0x0000001e       0x2c c:/program files (x86)/cypress/psoc creator/3.0/psoc creator/import/gnu_cs/arm/4.7.3/bin/../lib/gcc/arm-none-eabi/4.7.3/armv6-m/crtbegin.o
 .ARM.attributes
                0x0000004a       0x1c c:/program files (x86)/cypress/psoc creator/3.0/psoc creator/import/gnu_cs/arm/4.7.3/bin/../lib/gcc/arm-none-eabi/4.7.3/../../../../arm-none-eabi/lib/armv6-m/crt0.o
 .ARM.attributes
                0x00000066       0x31 .\CortexM0\ARM_GCC_473\Release\main.o
 .ARM.attributes
                0x00000097       0x31 .\CortexM0\ARM_GCC_473\Release\cybootloader.o
 .ARM.attributes
                0x000000c8       0x31 .\CortexM0\ARM_GCC_473\Release\cymetadata.o
 .ARM.attributes
                0x000000f9       0x31 .\CortexM0\ARM_GCC_473\Release\Cm0Start.o
 .ARM.attributes
                0x0000012a       0x31 .\CortexM0\ARM_GCC_473\Release\app.a(cyfitter_cfg.o)
 .ARM.attributes
                0x0000015b       0x31 .\CortexM0\ARM_GCC_473\Release\app.a(Thermistor.o)
 .ARM.attributes
                0x0000018c       0x31 .\CortexM0\ARM_GCC_473\Release\app.a(ADC.o)
 .ARM.attributes
                0x000001bd       0x31 .\CortexM0\ARM_GCC_473\Release\app.a(ADC_PM.o)
 .ARM.attributes
                0x000001ee       0x31 .\CortexM0\ARM_GCC_473\Release\app.a(ADC_INT.o)
 .ARM.attributes
                0x0000021f       0x31 .\CortexM0\ARM_GCC_473\Release\app.a(EN.o)
 .ARM.attributes
                0x00000250       0x31 .\CortexM0\ARM_GCC_473\Release\app.a(UART.o)
 .ARM.attributes
                0x00000281       0x31 .\CortexM0\ARM_GCC_473\Release\app.a(UART_SPI_UART.o)
 .ARM.attributes
                0x000002b2       0x31 .\CortexM0\ARM_GCC_473\Release\app.a(UART_UART.o)
 .ARM.attributes
                0x000002e3       0x31 .\CortexM0\ARM_GCC_473\Release\app.a(Opamp.o)
 .ARM.attributes
                0x00000314       0x31 .\CortexM0\ARM_GCC_473\Release\app.a(Opamp_PM.o)
 .ARM.attributes
                0x00000345       0x31 .\CortexM0\ARM_GCC_473\Release\app.a(AMux.o)
 .ARM.attributes
                0x00000376       0x21 .\CortexM0\ARM_GCC_473\Release\app.a(CyBootAsmGnu.o)
 .ARM.attributes
                0x00000397       0x31 .\CortexM0\ARM_GCC_473\Release\app.a(CyLib.o)
 .ARM.attributes
                0x000003c8       0x1e c:/program files (x86)/cypress/psoc creator/3.0/psoc creator/import/gnu_cs/arm/4.7.3/bin/../lib/gcc/arm-none-eabi/4.7.3/armv6-m\libgcc.a(_thumb1_case_uqi.o)
 .ARM.attributes
                0x000003e6       0x1e c:/program files (x86)/cypress/psoc creator/3.0/psoc creator/import/gnu_cs/arm/4.7.3/bin/../lib/gcc/arm-none-eabi/4.7.3/armv6-m\libgcc.a(_udivsi3.o)
 .ARM.attributes
                0x00000404       0x1e c:/program files (x86)/cypress/psoc creator/3.0/psoc creator/import/gnu_cs/arm/4.7.3/bin/../lib/gcc/arm-none-eabi/4.7.3/armv6-m\libgcc.a(_divsi3.o)
 .ARM.attributes
                0x00000422       0x1e c:/program files (x86)/cypress/psoc creator/3.0/psoc creator/import/gnu_cs/arm/4.7.3/bin/../lib/gcc/arm-none-eabi/4.7.3/armv6-m\libgcc.a(_dvmd_tls.o)
 .ARM.attributes
                0x00000440       0x1e c:/program files (x86)/cypress/psoc creator/3.0/psoc creator/import/gnu_cs/arm/4.7.3/bin/../lib/gcc/arm-none-eabi/4.7.3/armv6-m\libgcc.a(_aeabi_ldivmod.o)
 .ARM.attributes
                0x0000045e       0x2c c:/program files (x86)/cypress/psoc creator/3.0/psoc creator/import/gnu_cs/arm/4.7.3/bin/../lib/gcc/arm-none-eabi/4.7.3/armv6-m\libgcc.a(_muldi3.o)
 .ARM.attributes
                0x0000048a       0x2c c:/program files (x86)/cypress/psoc creator/3.0/psoc creator/import/gnu_cs/arm/4.7.3/bin/../lib/gcc/arm-none-eabi/4.7.3/armv6-m\libgcc.a(bpabi.o)
 .ARM.attributes
                0x000004b6       0x2c c:/program files (x86)/cypress/psoc creator/3.0/psoc creator/import/gnu_cs/arm/4.7.3/bin/../lib/gcc/arm-none-eabi/4.7.3/armv6-m\libgcc.a(divsf3.o)
 .ARM.attributes
                0x000004e2       0x2c c:/program files (x86)/cypress/psoc creator/3.0/psoc creator/import/gnu_cs/arm/4.7.3/bin/../lib/gcc/arm-none-eabi/4.7.3/armv6-m\libgcc.a(mulsf3.o)
 .ARM.attributes
                0x0000050e       0x2c c:/program files (x86)/cypress/psoc creator/3.0/psoc creator/import/gnu_cs/arm/4.7.3/bin/../lib/gcc/arm-none-eabi/4.7.3/armv6-m\libgcc.a(floatsisf.o)
 .ARM.attributes
                0x0000053a       0x1e c:/program files (x86)/cypress/psoc creator/3.0/psoc creator/import/gnu_cs/arm/4.7.3/bin/../lib/gcc/arm-none-eabi/4.7.3/armv6-m\libgcc.a(_clzsi2.o)
 .ARM.attributes
                0x00000558       0x2c c:/program files (x86)/cypress/psoc creator/3.0/psoc creator/import/gnu_cs/arm/4.7.3/bin/../lib/gcc/arm-none-eabi/4.7.3/armv6-m\libgcc.a(_divdi3.o)
 .ARM.attributes
                0x00000584       0x2c c:/program files (x86)/cypress/psoc creator/3.0/psoc creator/import/gnu_cs/arm/4.7.3/bin/../lib/gcc/arm-none-eabi/4.7.3/armv6-m\libgcc.a(_udivdi3.o)
 .ARM.attributes
                0x000005b0       0x2c c:/program files (x86)/cypress/psoc creator/3.0/psoc creator/import/gnu_cs/arm/4.7.3/bin/../lib/gcc/arm-none-eabi/4.7.3/../../../../arm-none-eabi/lib/armv6-m\libc_s.a(lib_a-__atexit2.o)
 .ARM.attributes
                0x000005dc       0x2c c:/program files (x86)/cypress/psoc creator/3.0/psoc creator/import/gnu_cs/arm/4.7.3/bin/../lib/gcc/arm-none-eabi/4.7.3/../../../../arm-none-eabi/lib/armv6-m\libc_s.a(lib_a-exit.o)
 .ARM.attributes
                0x00000608       0x2c c:/program files (x86)/cypress/psoc creator/3.0/psoc creator/import/gnu_cs/arm/4.7.3/bin/../lib/gcc/arm-none-eabi/4.7.3/../../../../arm-none-eabi/lib/armv6-m\libc_s.a(lib_a-fini.o)
 .ARM.attributes
                0x00000634       0x2c c:/program files (x86)/cypress/psoc creator/3.0/psoc creator/import/gnu_cs/arm/4.7.3/bin/../lib/gcc/arm-none-eabi/4.7.3/../../../../arm-none-eabi/lib/armv6-m\libc_s.a(lib_a-impure.o)
 .ARM.attributes
                0x00000660       0x2c c:/program files (x86)/cypress/psoc creator/3.0/psoc creator/import/gnu_cs/arm/4.7.3/bin/../lib/gcc/arm-none-eabi/4.7.3/../../../../arm-none-eabi/lib/armv6-m\libc_s.a(lib_a-init.o)
 .ARM.attributes
                0x0000068c       0x2c c:/program files (x86)/cypress/psoc creator/3.0/psoc creator/import/gnu_cs/arm/4.7.3/bin/../lib/gcc/arm-none-eabi/4.7.3/../../../../arm-none-eabi/lib/armv6-m\libc_s.a(lib_a-memset.o)
 .ARM.attributes
                0x000006b8       0x2c c:/program files (x86)/cypress/psoc creator/3.0/psoc creator/import/gnu_cs/arm/4.7.3/bin/../lib/gcc/arm-none-eabi/4.7.3/armv6-m/crtend.o
 .ARM.attributes
                0x000006e4       0x1e c:/program files (x86)/cypress/psoc creator/3.0/psoc creator/import/gnu_cs/arm/4.7.3/bin/../lib/gcc/arm-none-eabi/4.7.3/armv6-m/crtn.o

/DISCARD/
 *(.note.GNU-stack)
OUTPUT(.\CortexM0\ARM_GCC_473\Release\app.elf elf32-littlearm)
