Archive member included because of file (symbol)

.\CortexM0\ARM_GCC_484\Release\bootloader.a(cyfitter_cfg.o)
                              .\CortexM0\ARM_GCC_484\Release\Cm0Start.o (cyfitter_cfg)
.\CortexM0\ARM_GCC_484\Release\bootloader.a(UART.o)
                              .\CortexM0\ARM_GCC_484\Release\main.o (UART_Start)
.\CortexM0\ARM_GCC_484\Release\bootloader.a(UART_SPI_UART.o)
                              .\CortexM0\ARM_GCC_484\Release\main.o (UART_SpiUartGetRxBufferSize)
.\CortexM0\ARM_GCC_484\Release\bootloader.a(UART_UART.o)
                              .\CortexM0\ARM_GCC_484\Release\bootloader.a(UART.o) (UART_UartInit)
.\CortexM0\ARM_GCC_484\Release\bootloader.a(Bootloader.o)
                              .\CortexM0\ARM_GCC_484\Release\Cm0Start.o (CyBtldr_CheckLaunch)
.\CortexM0\ARM_GCC_484\Release\bootloader.a(EN.o)
                              .\CortexM0\ARM_GCC_484\Release\main.o (EN_Write)
.\CortexM0\ARM_GCC_484\Release\bootloader.a(CyBootAsmGnu.o)
                              .\CortexM0\ARM_GCC_484\Release\bootloader.a(cyfitter_cfg.o) (CyDelayCycles)
.\CortexM0\ARM_GCC_484\Release\bootloader.a(CyFlash.o)
                              .\CortexM0\ARM_GCC_484\Release\bootloader.a(Bootloader.o) (CySysFlashWriteRow)
.\CortexM0\ARM_GCC_484\Release\bootloader.a(CyLib.o)
                              .\CortexM0\ARM_GCC_484\Release\bootloader.a(Bootloader.o) (CyHalt)
c:/program files (x86)/cypress/psoc creator/3.1/psoc creator/import/gnu_cs/arm/4.8.4/bin/../lib/gcc/arm-none-eabi/4.8.4/armv6-m\libgcc.a(_thumb1_case_uqi.o)
                              .\CortexM0\ARM_GCC_484\Release\bootloader.a(Bootloader.o) (__gnu_thumb1_case_uqi)
c:/program files (x86)/cypress/psoc creator/3.1/psoc creator/import/gnu_cs/arm/4.8.4/bin/../lib/gcc/arm-none-eabi/4.8.4/armv6-m\libgcc.a(_thumb1_case_shi.o)
                              .\CortexM0\ARM_GCC_484\Release\bootloader.a(Bootloader.o) (__gnu_thumb1_case_shi)
c:/program files (x86)/cypress/psoc creator/3.1/psoc creator/import/gnu_cs/arm/4.8.4/bin/../lib/gcc/arm-none-eabi/4.8.4/armv6-m\libgcc.a(_udivsi3.o)
                              .\CortexM0\ARM_GCC_484\Release\bootloader.a(CyLib.o) (__aeabi_uidiv)
c:/program files (x86)/cypress/psoc creator/3.1/psoc creator/import/gnu_cs/arm/4.8.4/bin/../lib/gcc/arm-none-eabi/4.8.4/armv6-m\libgcc.a(_dvmd_tls.o)
                              c:/program files (x86)/cypress/psoc creator/3.1/psoc creator/import/gnu_cs/arm/4.8.4/bin/../lib/gcc/arm-none-eabi/4.8.4/armv6-m\libgcc.a(_udivsi3.o) (__aeabi_idiv0)
c:/program files (x86)/cypress/psoc creator/3.1/psoc creator/import/gnu_cs/arm/4.8.4/bin/../lib/gcc/arm-none-eabi/4.8.4/../../../../arm-none-eabi/lib/armv6-m\libg_s.a(lib_a-errno.o)
                              .\CortexM0\ARM_GCC_484\Release\Cm0Start.o (__errno)
c:/program files (x86)/cypress/psoc creator/3.1/psoc creator/import/gnu_cs/arm/4.8.4/bin/../lib/gcc/arm-none-eabi/4.8.4/../../../../arm-none-eabi/lib/armv6-m\libg_s.a(lib_a-exit.o)
                              c:/program files (x86)/cypress/psoc creator/3.1/psoc creator/import/gnu_cs/arm/4.8.4/bin/../lib/gcc/arm-none-eabi/4.8.4/../../../../arm-none-eabi/lib/armv6-m/crt0.o (exit)
c:/program files (x86)/cypress/psoc creator/3.1/psoc creator/import/gnu_cs/arm/4.8.4/bin/../lib/gcc/arm-none-eabi/4.8.4/../../../../arm-none-eabi/lib/armv6-m\libg_s.a(lib_a-impure.o)
                              c:/program files (x86)/cypress/psoc creator/3.1/psoc creator/import/gnu_cs/arm/4.8.4/bin/../lib/gcc/arm-none-eabi/4.8.4/../../../../arm-none-eabi/lib/armv6-m\libg_s.a(lib_a-exit.o) (_global_impure_ptr)
c:/program files (x86)/cypress/psoc creator/3.1/psoc creator/import/gnu_cs/arm/4.8.4/bin/../lib/gcc/arm-none-eabi/4.8.4/../../../../arm-none-eabi/lib/armv6-m\libg_s.a(lib_a-init.o)
                              c:/program files (x86)/cypress/psoc creator/3.1/psoc creator/import/gnu_cs/arm/4.8.4/bin/../lib/gcc/arm-none-eabi/4.8.4/../../../../arm-none-eabi/lib/armv6-m/crt0.o (__libc_init_array)
c:/program files (x86)/cypress/psoc creator/3.1/psoc creator/import/gnu_cs/arm/4.8.4/bin/../lib/gcc/arm-none-eabi/4.8.4/../../../../arm-none-eabi/lib/armv6-m\libg_s.a(lib_a-memcpy-stub.o)
                              .\CortexM0\ARM_GCC_484\Release\bootloader.a(Bootloader.o) (memcpy)
c:/program files (x86)/cypress/psoc creator/3.1/psoc creator/import/gnu_cs/arm/4.8.4/bin/../lib/gcc/arm-none-eabi/4.8.4/../../../../arm-none-eabi/lib/armv6-m\libg_s.a(lib_a-memset.o)
                              c:/program files (x86)/cypress/psoc creator/3.1/psoc creator/import/gnu_cs/arm/4.8.4/bin/../lib/gcc/arm-none-eabi/4.8.4/../../../../arm-none-eabi/lib/armv6-m/crt0.o (memset)

Discarded input sections

 .text          0x00000000        0x0 c:/program files (x86)/cypress/psoc creator/3.1/psoc creator/import/gnu_cs/arm/4.8.4/bin/../lib/gcc/arm-none-eabi/4.8.4/armv6-m/crti.o
 .data          0x00000000        0x0 c:/program files (x86)/cypress/psoc creator/3.1/psoc creator/import/gnu_cs/arm/4.8.4/bin/../lib/gcc/arm-none-eabi/4.8.4/armv6-m/crti.o
 .bss           0x00000000        0x0 c:/program files (x86)/cypress/psoc creator/3.1/psoc creator/import/gnu_cs/arm/4.8.4/bin/../lib/gcc/arm-none-eabi/4.8.4/armv6-m/crti.o
 .data          0x00000000        0x4 c:/program files (x86)/cypress/psoc creator/3.1/psoc creator/import/gnu_cs/arm/4.8.4/bin/../lib/gcc/arm-none-eabi/4.8.4/armv6-m/crtbegin.o
 .text          0x00000000       0x78 c:/program files (x86)/cypress/psoc creator/3.1/psoc creator/import/gnu_cs/arm/4.8.4/bin/../lib/gcc/arm-none-eabi/4.8.4/../../../../arm-none-eabi/lib/armv6-m/crt0.o
 .data          0x00000000        0x0 c:/program files (x86)/cypress/psoc creator/3.1/psoc creator/import/gnu_cs/arm/4.8.4/bin/../lib/gcc/arm-none-eabi/4.8.4/../../../../arm-none-eabi/lib/armv6-m/crt0.o
 .bss           0x00000000        0x0 c:/program files (x86)/cypress/psoc creator/3.1/psoc creator/import/gnu_cs/arm/4.8.4/bin/../lib/gcc/arm-none-eabi/4.8.4/../../../../arm-none-eabi/lib/armv6-m/crt0.o
 .ARM.extab     0x00000000        0x0 c:/program files (x86)/cypress/psoc creator/3.1/psoc creator/import/gnu_cs/arm/4.8.4/bin/../lib/gcc/arm-none-eabi/4.8.4/../../../../arm-none-eabi/lib/armv6-m/crt0.o
 .ARM.exidx     0x00000000        0x8 c:/program files (x86)/cypress/psoc creator/3.1/psoc creator/import/gnu_cs/arm/4.8.4/bin/../lib/gcc/arm-none-eabi/4.8.4/../../../../arm-none-eabi/lib/armv6-m/crt0.o
 .text          0x00000000        0x0 .\CortexM0\ARM_GCC_484\Release\main.o
 .data          0x00000000        0x0 .\CortexM0\ARM_GCC_484\Release\main.o
 .bss           0x00000000        0x0 .\CortexM0\ARM_GCC_484\Release\main.o
 .text.CyBtldrCommStop
                0x00000000        0x8 .\CortexM0\ARM_GCC_484\Release\main.o
 .text.CyBtldrCommReset
                0x00000000        0xc .\CortexM0\ARM_GCC_484\Release\main.o
 .text          0x00000000        0x0 .\CortexM0\ARM_GCC_484\Release\cymetadata.o
 .data          0x00000000        0x0 .\CortexM0\ARM_GCC_484\Release\cymetadata.o
 .bss           0x00000000        0x0 .\CortexM0\ARM_GCC_484\Release\cymetadata.o
 .text          0x00000000        0x0 .\CortexM0\ARM_GCC_484\Release\Cm0Start.o
 .data          0x00000000        0x4 .\CortexM0\ARM_GCC_484\Release\Cm0Start.o
 .bss           0x00000000        0x0 .\CortexM0\ARM_GCC_484\Release\Cm0Start.o
 .text._exit    0x00000000        0x2 .\CortexM0\ARM_GCC_484\Release\Cm0Start.o
 .text._sbrk    0x00000000       0x30 .\CortexM0\ARM_GCC_484\Release\Cm0Start.o
 .text          0x00000000        0x0 .\CortexM0\ARM_GCC_484\Release\bootloader.a(cyfitter_cfg.o)
 .data          0x00000000        0x0 .\CortexM0\ARM_GCC_484\Release\bootloader.a(cyfitter_cfg.o)
 .bss           0x00000000        0x0 .\CortexM0\ARM_GCC_484\Release\bootloader.a(cyfitter_cfg.o)
 .text          0x00000000        0x0 .\CortexM0\ARM_GCC_484\Release\bootloader.a(UART.o)
 .data          0x00000000        0x0 .\CortexM0\ARM_GCC_484\Release\bootloader.a(UART.o)
 .text.UART_Init
                0x00000000        0x8 .\CortexM0\ARM_GCC_484\Release\bootloader.a(UART.o)
 .text.UART_Stop
                0x00000000       0x10 .\CortexM0\ARM_GCC_484\Release\bootloader.a(UART.o)
 .text.UART_SetRxFifoLevel
                0x00000000       0x14 .\CortexM0\ARM_GCC_484\Release\bootloader.a(UART.o)
 .text.UART_SetTxFifoLevel
                0x00000000       0x14 .\CortexM0\ARM_GCC_484\Release\bootloader.a(UART.o)
 .text.UART_SetCustomInterruptHandler
                0x00000000        0xc .\CortexM0\ARM_GCC_484\Release\bootloader.a(UART.o)
 .text.UART_I2CSlaveNackGeneration
                0x00000000       0x3c .\CortexM0\ARM_GCC_484\Release\bootloader.a(UART.o)
 .text          0x00000000        0x0 .\CortexM0\ARM_GCC_484\Release\bootloader.a(UART_SPI_UART.o)
 .data          0x00000000        0x0 .\CortexM0\ARM_GCC_484\Release\bootloader.a(UART_SPI_UART.o)
 .bss           0x00000000        0x0 .\CortexM0\ARM_GCC_484\Release\bootloader.a(UART_SPI_UART.o)
 .text.UART_SpiUartClearRxBuffer
                0x00000000       0x20 .\CortexM0\ARM_GCC_484\Release\bootloader.a(UART_SPI_UART.o)
 .text.UART_SpiUartPutArray
                0x00000000       0x16 .\CortexM0\ARM_GCC_484\Release\bootloader.a(UART_SPI_UART.o)
 .text.UART_SpiUartGetTxBufferSize
                0x00000000       0x10 .\CortexM0\ARM_GCC_484\Release\bootloader.a(UART_SPI_UART.o)
 .text.UART_SpiUartClearTxBuffer
                0x00000000       0x20 .\CortexM0\ARM_GCC_484\Release\bootloader.a(UART_SPI_UART.o)
 .text.UART_SpiUartDisableIntTx
                0x00000000       0x10 .\CortexM0\ARM_GCC_484\Release\bootloader.a(UART_SPI_UART.o)
 .text          0x00000000        0x0 .\CortexM0\ARM_GCC_484\Release\bootloader.a(UART_UART.o)
 .data          0x00000000        0x0 .\CortexM0\ARM_GCC_484\Release\bootloader.a(UART_UART.o)
 .bss           0x00000000        0x0 .\CortexM0\ARM_GCC_484\Release\bootloader.a(UART_UART.o)
 .text.UART_UartSetRxAddress
                0x00000000       0x14 .\CortexM0\ARM_GCC_484\Release\bootloader.a(UART_UART.o)
 .text.UART_UartSetRxAddressMask
                0x00000000       0x18 .\CortexM0\ARM_GCC_484\Release\bootloader.a(UART_UART.o)
 .text.UART_UartGetChar
                0x00000000       0x28 .\CortexM0\ARM_GCC_484\Release\bootloader.a(UART_UART.o)
 .text.UART_UartPutString
                0x00000000       0x16 .\CortexM0\ARM_GCC_484\Release\bootloader.a(UART_UART.o)
 .text.UART_UartPutCRLF
                0x00000000       0x14 .\CortexM0\ARM_GCC_484\Release\bootloader.a(UART_UART.o)
 .text          0x00000000        0x0 .\CortexM0\ARM_GCC_484\Release\bootloader.a(Bootloader.o)
 .bss           0x00000000        0x0 .\CortexM0\ARM_GCC_484\Release\bootloader.a(Bootloader.o)
 .text.Bootloader_Exit
                0x00000000       0x34 .\CortexM0\ARM_GCC_484\Release\bootloader.a(Bootloader.o)
 .text          0x00000000        0x0 .\CortexM0\ARM_GCC_484\Release\bootloader.a(EN.o)
 .data          0x00000000        0x0 .\CortexM0\ARM_GCC_484\Release\bootloader.a(EN.o)
 .bss           0x00000000        0x0 .\CortexM0\ARM_GCC_484\Release\bootloader.a(EN.o)
 .text.EN_SetDriveMode
                0x00000000       0x1c .\CortexM0\ARM_GCC_484\Release\bootloader.a(EN.o)
 .text.EN_ReadDataReg
                0x00000000       0x10 .\CortexM0\ARM_GCC_484\Release\bootloader.a(EN.o)
 .text.EN_ClearInterrupt
                0x00000000       0x14 .\CortexM0\ARM_GCC_484\Release\bootloader.a(EN.o)
 .data          0x00000000        0x0 .\CortexM0\ARM_GCC_484\Release\bootloader.a(CyBootAsmGnu.o)
 .bss           0x00000000        0x0 .\CortexM0\ARM_GCC_484\Release\bootloader.a(CyBootAsmGnu.o)
 .text          0x00000000        0x0 .\CortexM0\ARM_GCC_484\Release\bootloader.a(CyFlash.o)
 .data          0x00000000        0x0 .\CortexM0\ARM_GCC_484\Release\bootloader.a(CyFlash.o)
 .text.CySysFlashSetWaitCycles
                0x00000000       0x2c .\CortexM0\ARM_GCC_484\Release\bootloader.a(CyFlash.o)
 .text          0x00000000        0x0 .\CortexM0\ARM_GCC_484\Release\bootloader.a(CyLib.o)
 .bss           0x00000000       0x24 .\CortexM0\ARM_GCC_484\Release\bootloader.a(CyLib.o)
 .text.CySysClkImoStart
                0x00000000       0x14 .\CortexM0\ARM_GCC_484\Release\bootloader.a(CyLib.o)
 .text.CySysClkImoStop
                0x00000000       0x10 .\CortexM0\ARM_GCC_484\Release\bootloader.a(CyLib.o)
 .text.CySysClkIloStart
                0x00000000       0x14 .\CortexM0\ARM_GCC_484\Release\bootloader.a(CyLib.o)
 .text.CySysClkWriteHfclkDirect
                0x00000000       0x24 .\CortexM0\ARM_GCC_484\Release\bootloader.a(CyLib.o)
 .text.CySysClkWriteSysclkDiv
                0x00000000       0x2c .\CortexM0\ARM_GCC_484\Release\bootloader.a(CyLib.o)
 .text.CySysWdtLock
                0x00000000       0x1c .\CortexM0\ARM_GCC_484\Release\bootloader.a(CyLib.o)
 .text.CySysWdtUnlock
                0x00000000       0x30 .\CortexM0\ARM_GCC_484\Release\bootloader.a(CyLib.o)
 .text.CySysWdtReadEnabledStatus
                0x00000000       0x18 .\CortexM0\ARM_GCC_484\Release\bootloader.a(CyLib.o)
 .text.CySysWdtWriteMode
                0x00000000       0x2c .\CortexM0\ARM_GCC_484\Release\bootloader.a(CyLib.o)
 .text.CySysWdtReadMode
                0x00000000       0x14 .\CortexM0\ARM_GCC_484\Release\bootloader.a(CyLib.o)
 .text.CySysWdtWriteClearOnMatch
                0x00000000       0x2c .\CortexM0\ARM_GCC_484\Release\bootloader.a(CyLib.o)
 .text.CySysWdtReadClearOnMatch
                0x00000000       0x18 .\CortexM0\ARM_GCC_484\Release\bootloader.a(CyLib.o)
 .text.CySysWdtEnable
                0x00000000       0x34 .\CortexM0\ARM_GCC_484\Release\bootloader.a(CyLib.o)
 .text.CySysWdtDisable
                0x00000000       0x2c .\CortexM0\ARM_GCC_484\Release\bootloader.a(CyLib.o)
 .text.CySysWdtWriteCascade
                0x00000000       0x34 .\CortexM0\ARM_GCC_484\Release\bootloader.a(CyLib.o)
 .text.CySysWdtReadCascade
                0x00000000       0x14 .\CortexM0\ARM_GCC_484\Release\bootloader.a(CyLib.o)
 .text.CySysWdtWriteToggleBit
                0x00000000       0x28 .\CortexM0\ARM_GCC_484\Release\bootloader.a(CyLib.o)
 .text.CySysWdtReadToggleBit
                0x00000000       0x10 .\CortexM0\ARM_GCC_484\Release\bootloader.a(CyLib.o)
 .text.CySysWdtReadMatch
                0x00000000       0x10 .\CortexM0\ARM_GCC_484\Release\bootloader.a(CyLib.o)
 .text.CySysWdtReadCount
                0x00000000       0x30 .\CortexM0\ARM_GCC_484\Release\bootloader.a(CyLib.o)
 .text.CySysClkIloStop
                0x00000000       0xb4 .\CortexM0\ARM_GCC_484\Release\bootloader.a(CyLib.o)
 .text.CySysWdtGetInterruptSource
                0x00000000       0x14 .\CortexM0\ARM_GCC_484\Release\bootloader.a(CyLib.o)
 .text.CySysWdtClearInterrupt
                0x00000000       0x50 .\CortexM0\ARM_GCC_484\Release\bootloader.a(CyLib.o)
 .text.CySysWdtResetCounters
                0x00000000       0x18 .\CortexM0\ARM_GCC_484\Release\bootloader.a(CyLib.o)
 .text.CySysLvdEnable
                0x00000000       0x2c .\CortexM0\ARM_GCC_484\Release\bootloader.a(CyLib.o)
 .text.CySysLvdDisable
                0x00000000       0x20 .\CortexM0\ARM_GCC_484\Release\bootloader.a(CyLib.o)
 .text.CySysLvdGetInterruptSource
                0x00000000       0x10 .\CortexM0\ARM_GCC_484\Release\bootloader.a(CyLib.o)
 .text.CySysLvdClearInterrupt
                0x00000000        0xc .\CortexM0\ARM_GCC_484\Release\bootloader.a(CyLib.o)
 .text.CySysGetResetReason
                0x00000000       0x14 .\CortexM0\ARM_GCC_484\Release\bootloader.a(CyLib.o)
 .text.CyDisableInts
                0x00000000       0x10 .\CortexM0\ARM_GCC_484\Release\bootloader.a(CyLib.o)
 .text.CyEnableInts
                0x00000000        0xc .\CortexM0\ARM_GCC_484\Release\bootloader.a(CyLib.o)
 .text.CyIntSetSysVector
                0x00000000        0xe .\CortexM0\ARM_GCC_484\Release\bootloader.a(CyLib.o)
 .text.CyIntGetSysVector
                0x00000000        0xc .\CortexM0\ARM_GCC_484\Release\bootloader.a(CyLib.o)
 .text.CyIntSetVector
                0x00000000       0x10 .\CortexM0\ARM_GCC_484\Release\bootloader.a(CyLib.o)
 .text.CyIntGetVector
                0x00000000       0x10 .\CortexM0\ARM_GCC_484\Release\bootloader.a(CyLib.o)
 .text.CyIntSetPriority
                0x00000000       0x34 .\CortexM0\ARM_GCC_484\Release\bootloader.a(CyLib.o)
 .text.CyIntGetPriority
                0x00000000       0x20 .\CortexM0\ARM_GCC_484\Release\bootloader.a(CyLib.o)
 .text.CyIntEnable
                0x00000000       0x14 .\CortexM0\ARM_GCC_484\Release\bootloader.a(CyLib.o)
 .text.CyIntGetState
                0x00000000       0x18 .\CortexM0\ARM_GCC_484\Release\bootloader.a(CyLib.o)
 .text.CyIntDisable
                0x00000000       0x14 .\CortexM0\ARM_GCC_484\Release\bootloader.a(CyLib.o)
 .text.CyIntSetPending
                0x00000000       0x14 .\CortexM0\ARM_GCC_484\Release\bootloader.a(CyLib.o)
 .text.CyIntClearPending
                0x00000000       0x14 .\CortexM0\ARM_GCC_484\Release\bootloader.a(CyLib.o)
 .text.CyDelay  0x00000000       0x2c .\CortexM0\ARM_GCC_484\Release\bootloader.a(CyLib.o)
 .text.CySysClkWriteImoFreq
                0x00000000      0x120 .\CortexM0\ARM_GCC_484\Release\bootloader.a(CyLib.o)
 .text.CySysWdtWriteMatch
                0x00000000       0x30 .\CortexM0\ARM_GCC_484\Release\bootloader.a(CyLib.o)
 .text.CyDelayFreq
                0x00000000       0x48 .\CortexM0\ARM_GCC_484\Release\bootloader.a(CyLib.o)
 .text.CySysTickInit
                0x00000000       0x50 .\CortexM0\ARM_GCC_484\Release\bootloader.a(CyLib.o)
 .text.CySysTickStop
                0x00000000       0x10 .\CortexM0\ARM_GCC_484\Release\bootloader.a(CyLib.o)
 .text.CySysTickEnableInterrupt
                0x00000000       0x10 .\CortexM0\ARM_GCC_484\Release\bootloader.a(CyLib.o)
 .text.CySysTickEnable
                0x00000000       0x18 .\CortexM0\ARM_GCC_484\Release\bootloader.a(CyLib.o)
 .text.CySysTickStart
                0x00000000       0x1c .\CortexM0\ARM_GCC_484\Release\bootloader.a(CyLib.o)
 .text.CySysTickDisableInterrupt
                0x00000000       0x10 .\CortexM0\ARM_GCC_484\Release\bootloader.a(CyLib.o)
 .text.CySysTickSetReload
                0x00000000       0x10 .\CortexM0\ARM_GCC_484\Release\bootloader.a(CyLib.o)
 .text.CySysTickGetReload
                0x00000000       0x10 .\CortexM0\ARM_GCC_484\Release\bootloader.a(CyLib.o)
 .text.CySysTickGetValue
                0x00000000       0x14 .\CortexM0\ARM_GCC_484\Release\bootloader.a(CyLib.o)
 .text.CySysTickGetCountFlag
                0x00000000       0x10 .\CortexM0\ARM_GCC_484\Release\bootloader.a(CyLib.o)
 .text.CySysTickServiceCallbacks
                0x00000000       0x24 .\CortexM0\ARM_GCC_484\Release\bootloader.a(CyLib.o)
 .text.CySysTickClear
                0x00000000        0xc .\CortexM0\ARM_GCC_484\Release\bootloader.a(CyLib.o)
 .text.CySysTickSetCallback
                0x00000000       0x10 .\CortexM0\ARM_GCC_484\Release\bootloader.a(CyLib.o)
 .text.CySysTickGetCallback
                0x00000000       0x10 .\CortexM0\ARM_GCC_484\Release\bootloader.a(CyLib.o)
 .rodata        0x00000000       0x2e .\CortexM0\ARM_GCC_484\Release\bootloader.a(CyLib.o)
 .data          0x00000000        0x0 c:/program files (x86)/cypress/psoc creator/3.1/psoc creator/import/gnu_cs/arm/4.8.4/bin/../lib/gcc/arm-none-eabi/4.8.4/armv6-m\libgcc.a(_thumb1_case_uqi.o)
 .bss           0x00000000        0x0 c:/program files (x86)/cypress/psoc creator/3.1/psoc creator/import/gnu_cs/arm/4.8.4/bin/../lib/gcc/arm-none-eabi/4.8.4/armv6-m\libgcc.a(_thumb1_case_uqi.o)
 .data          0x00000000        0x0 c:/program files (x86)/cypress/psoc creator/3.1/psoc creator/import/gnu_cs/arm/4.8.4/bin/../lib/gcc/arm-none-eabi/4.8.4/armv6-m\libgcc.a(_thumb1_case_shi.o)
 .bss           0x00000000        0x0 c:/program files (x86)/cypress/psoc creator/3.1/psoc creator/import/gnu_cs/arm/4.8.4/bin/../lib/gcc/arm-none-eabi/4.8.4/armv6-m\libgcc.a(_thumb1_case_shi.o)
 .text          0x00000000       0x9c c:/program files (x86)/cypress/psoc creator/3.1/psoc creator/import/gnu_cs/arm/4.8.4/bin/../lib/gcc/arm-none-eabi/4.8.4/armv6-m\libgcc.a(_udivsi3.o)
 .data          0x00000000        0x0 c:/program files (x86)/cypress/psoc creator/3.1/psoc creator/import/gnu_cs/arm/4.8.4/bin/../lib/gcc/arm-none-eabi/4.8.4/armv6-m\libgcc.a(_udivsi3.o)
 .bss           0x00000000        0x0 c:/program files (x86)/cypress/psoc creator/3.1/psoc creator/import/gnu_cs/arm/4.8.4/bin/../lib/gcc/arm-none-eabi/4.8.4/armv6-m\libgcc.a(_udivsi3.o)
 .text          0x00000000        0x4 c:/program files (x86)/cypress/psoc creator/3.1/psoc creator/import/gnu_cs/arm/4.8.4/bin/../lib/gcc/arm-none-eabi/4.8.4/armv6-m\libgcc.a(_dvmd_tls.o)
 .data          0x00000000        0x0 c:/program files (x86)/cypress/psoc creator/3.1/psoc creator/import/gnu_cs/arm/4.8.4/bin/../lib/gcc/arm-none-eabi/4.8.4/armv6-m\libgcc.a(_dvmd_tls.o)
 .bss           0x00000000        0x0 c:/program files (x86)/cypress/psoc creator/3.1/psoc creator/import/gnu_cs/arm/4.8.4/bin/../lib/gcc/arm-none-eabi/4.8.4/armv6-m\libgcc.a(_dvmd_tls.o)
 .text          0x00000000        0x0 c:/program files (x86)/cypress/psoc creator/3.1/psoc creator/import/gnu_cs/arm/4.8.4/bin/../lib/gcc/arm-none-eabi/4.8.4/../../../../arm-none-eabi/lib/armv6-m\libg_s.a(lib_a-errno.o)
 .data          0x00000000        0x0 c:/program files (x86)/cypress/psoc creator/3.1/psoc creator/import/gnu_cs/arm/4.8.4/bin/../lib/gcc/arm-none-eabi/4.8.4/../../../../arm-none-eabi/lib/armv6-m\libg_s.a(lib_a-errno.o)
 .bss           0x00000000        0x0 c:/program files (x86)/cypress/psoc creator/3.1/psoc creator/import/gnu_cs/arm/4.8.4/bin/../lib/gcc/arm-none-eabi/4.8.4/../../../../arm-none-eabi/lib/armv6-m\libg_s.a(lib_a-errno.o)
 .text.__errno  0x00000000        0xc c:/program files (x86)/cypress/psoc creator/3.1/psoc creator/import/gnu_cs/arm/4.8.4/bin/../lib/gcc/arm-none-eabi/4.8.4/../../../../arm-none-eabi/lib/armv6-m\libg_s.a(lib_a-errno.o)
 .text          0x00000000        0x0 c:/program files (x86)/cypress/psoc creator/3.1/psoc creator/import/gnu_cs/arm/4.8.4/bin/../lib/gcc/arm-none-eabi/4.8.4/../../../../arm-none-eabi/lib/armv6-m\libg_s.a(lib_a-exit.o)
 .data          0x00000000        0x0 c:/program files (x86)/cypress/psoc creator/3.1/psoc creator/import/gnu_cs/arm/4.8.4/bin/../lib/gcc/arm-none-eabi/4.8.4/../../../../arm-none-eabi/lib/armv6-m\libg_s.a(lib_a-exit.o)
 .bss           0x00000000        0x0 c:/program files (x86)/cypress/psoc creator/3.1/psoc creator/import/gnu_cs/arm/4.8.4/bin/../lib/gcc/arm-none-eabi/4.8.4/../../../../arm-none-eabi/lib/armv6-m\libg_s.a(lib_a-exit.o)
 .text.exit     0x00000000       0x2c c:/program files (x86)/cypress/psoc creator/3.1/psoc creator/import/gnu_cs/arm/4.8.4/bin/../lib/gcc/arm-none-eabi/4.8.4/../../../../arm-none-eabi/lib/armv6-m\libg_s.a(lib_a-exit.o)
 .text          0x00000000        0x0 c:/program files (x86)/cypress/psoc creator/3.1/psoc creator/import/gnu_cs/arm/4.8.4/bin/../lib/gcc/arm-none-eabi/4.8.4/../../../../arm-none-eabi/lib/armv6-m\libg_s.a(lib_a-impure.o)
 .data          0x00000000        0x0 c:/program files (x86)/cypress/psoc creator/3.1/psoc creator/import/gnu_cs/arm/4.8.4/bin/../lib/gcc/arm-none-eabi/4.8.4/../../../../arm-none-eabi/lib/armv6-m\libg_s.a(lib_a-impure.o)
 .bss           0x00000000        0x0 c:/program files (x86)/cypress/psoc creator/3.1/psoc creator/import/gnu_cs/arm/4.8.4/bin/../lib/gcc/arm-none-eabi/4.8.4/../../../../arm-none-eabi/lib/armv6-m\libg_s.a(lib_a-impure.o)
 .data.impure_data
                0x00000000       0x60 c:/program files (x86)/cypress/psoc creator/3.1/psoc creator/import/gnu_cs/arm/4.8.4/bin/../lib/gcc/arm-none-eabi/4.8.4/../../../../arm-none-eabi/lib/armv6-m\libg_s.a(lib_a-impure.o)
 .data._impure_ptr
                0x00000000        0x4 c:/program files (x86)/cypress/psoc creator/3.1/psoc creator/import/gnu_cs/arm/4.8.4/bin/../lib/gcc/arm-none-eabi/4.8.4/../../../../arm-none-eabi/lib/armv6-m\libg_s.a(lib_a-impure.o)
 .rodata.str1.1
                0x00000000        0x2 c:/program files (x86)/cypress/psoc creator/3.1/psoc creator/import/gnu_cs/arm/4.8.4/bin/../lib/gcc/arm-none-eabi/4.8.4/../../../../arm-none-eabi/lib/armv6-m\libg_s.a(lib_a-impure.o)
 .rodata._global_impure_ptr
                0x00000000        0x4 c:/program files (x86)/cypress/psoc creator/3.1/psoc creator/import/gnu_cs/arm/4.8.4/bin/../lib/gcc/arm-none-eabi/4.8.4/../../../../arm-none-eabi/lib/armv6-m\libg_s.a(lib_a-impure.o)
 .text          0x00000000        0x0 c:/program files (x86)/cypress/psoc creator/3.1/psoc creator/import/gnu_cs/arm/4.8.4/bin/../lib/gcc/arm-none-eabi/4.8.4/../../../../arm-none-eabi/lib/armv6-m\libg_s.a(lib_a-init.o)
 .data          0x00000000        0x0 c:/program files (x86)/cypress/psoc creator/3.1/psoc creator/import/gnu_cs/arm/4.8.4/bin/../lib/gcc/arm-none-eabi/4.8.4/../../../../arm-none-eabi/lib/armv6-m\libg_s.a(lib_a-init.o)
 .bss           0x00000000        0x0 c:/program files (x86)/cypress/psoc creator/3.1/psoc creator/import/gnu_cs/arm/4.8.4/bin/../lib/gcc/arm-none-eabi/4.8.4/../../../../arm-none-eabi/lib/armv6-m\libg_s.a(lib_a-init.o)
 .text          0x00000000        0x0 c:/program files (x86)/cypress/psoc creator/3.1/psoc creator/import/gnu_cs/arm/4.8.4/bin/../lib/gcc/arm-none-eabi/4.8.4/../../../../arm-none-eabi/lib/armv6-m\libg_s.a(lib_a-memcpy-stub.o)
 .data          0x00000000        0x0 c:/program files (x86)/cypress/psoc creator/3.1/psoc creator/import/gnu_cs/arm/4.8.4/bin/../lib/gcc/arm-none-eabi/4.8.4/../../../../arm-none-eabi/lib/armv6-m\libg_s.a(lib_a-memcpy-stub.o)
 .bss           0x00000000        0x0 c:/program files (x86)/cypress/psoc creator/3.1/psoc creator/import/gnu_cs/arm/4.8.4/bin/../lib/gcc/arm-none-eabi/4.8.4/../../../../arm-none-eabi/lib/armv6-m\libg_s.a(lib_a-memcpy-stub.o)
 .text          0x00000000        0x0 c:/program files (x86)/cypress/psoc creator/3.1/psoc creator/import/gnu_cs/arm/4.8.4/bin/../lib/gcc/arm-none-eabi/4.8.4/../../../../arm-none-eabi/lib/armv6-m\libg_s.a(lib_a-memset.o)
 .data          0x00000000        0x0 c:/program files (x86)/cypress/psoc creator/3.1/psoc creator/import/gnu_cs/arm/4.8.4/bin/../lib/gcc/arm-none-eabi/4.8.4/../../../../arm-none-eabi/lib/armv6-m\libg_s.a(lib_a-memset.o)
 .bss           0x00000000        0x0 c:/program files (x86)/cypress/psoc creator/3.1/psoc creator/import/gnu_cs/arm/4.8.4/bin/../lib/gcc/arm-none-eabi/4.8.4/../../../../arm-none-eabi/lib/armv6-m\libg_s.a(lib_a-memset.o)
 .text          0x00000000        0x0 c:/program files (x86)/cypress/psoc creator/3.1/psoc creator/import/gnu_cs/arm/4.8.4/bin/../lib/gcc/arm-none-eabi/4.8.4/armv6-m/crtend.o
 .data          0x00000000        0x0 c:/program files (x86)/cypress/psoc creator/3.1/psoc creator/import/gnu_cs/arm/4.8.4/bin/../lib/gcc/arm-none-eabi/4.8.4/armv6-m/crtend.o
 .bss           0x00000000        0x0 c:/program files (x86)/cypress/psoc creator/3.1/psoc creator/import/gnu_cs/arm/4.8.4/bin/../lib/gcc/arm-none-eabi/4.8.4/armv6-m/crtend.o
 .text          0x00000000        0x0 c:/program files (x86)/cypress/psoc creator/3.1/psoc creator/import/gnu_cs/arm/4.8.4/bin/../lib/gcc/arm-none-eabi/4.8.4/armv6-m/crtn.o
 .data          0x00000000        0x0 c:/program files (x86)/cypress/psoc creator/3.1/psoc creator/import/gnu_cs/arm/4.8.4/bin/../lib/gcc/arm-none-eabi/4.8.4/armv6-m/crtn.o
 .bss           0x00000000        0x0 c:/program files (x86)/cypress/psoc creator/3.1/psoc creator/import/gnu_cs/arm/4.8.4/bin/../lib/gcc/arm-none-eabi/4.8.4/armv6-m/crtn.o

Memory Configuration

Name             Origin             Length             Attributes
rom              0x00000000         0x00004000         xr
ram              0x20000000         0x00001000         xrw
*default*        0x00000000         0xffffffff

Linker script and memory map

LOAD c:/program files (x86)/cypress/psoc creator/3.1/psoc creator/import/gnu_cs/arm/4.8.4/bin/../lib/gcc/arm-none-eabi/4.8.4/armv6-m/crti.o
LOAD c:/program files (x86)/cypress/psoc creator/3.1/psoc creator/import/gnu_cs/arm/4.8.4/bin/../lib/gcc/arm-none-eabi/4.8.4/armv6-m/crtbegin.o
LOAD c:/program files (x86)/cypress/psoc creator/3.1/psoc creator/import/gnu_cs/arm/4.8.4/bin/../lib/gcc/arm-none-eabi/4.8.4/../../../../arm-none-eabi/lib/armv6-m/crt0.o
START GROUP
LOAD .\CortexM0\ARM_GCC_484\Release\main.o
LOAD .\CortexM0\ARM_GCC_484\Release\cymetadata.o
LOAD .\CortexM0\ARM_GCC_484\Release\Cm0Start.o
LOAD .\CortexM0\ARM_GCC_484\Release\bootloader.a
LOAD C:\Program Files (x86)\Cypress\PSoC Creator\3.1\PSoC Creator\psoc\content\cycomponentlibrary\CyComponentLibrary.cylib\CortexM0\ARM_GCC_484\Release\CyComponentLibrary.a
END GROUP
START GROUP
LOAD c:/program files (x86)/cypress/psoc creator/3.1/psoc creator/import/gnu_cs/arm/4.8.4/bin/../lib/gcc/arm-none-eabi/4.8.4/armv6-m\libgcc.a
LOAD c:/program files (x86)/cypress/psoc creator/3.1/psoc creator/import/gnu_cs/arm/4.8.4/bin/../lib/gcc/arm-none-eabi/4.8.4/../../../../arm-none-eabi/lib/armv6-m\libg_s.a
LOAD c:/program files (x86)/cypress/psoc creator/3.1/psoc creator/import/gnu_cs/arm/4.8.4/bin/../lib/gcc/arm-none-eabi/4.8.4/../../../../arm-none-eabi/lib/armv6-m\libc_s.a
END GROUP
START GROUP
LOAD c:/program files (x86)/cypress/psoc creator/3.1/psoc creator/import/gnu_cs/arm/4.8.4/bin/../lib/gcc/arm-none-eabi/4.8.4/armv6-m\libgcc.a
LOAD c:/program files (x86)/cypress/psoc creator/3.1/psoc creator/import/gnu_cs/arm/4.8.4/bin/../lib/gcc/arm-none-eabi/4.8.4/../../../../arm-none-eabi/lib/armv6-m\libc_s.a
END GROUP
LOAD c:/program files (x86)/cypress/psoc creator/3.1/psoc creator/import/gnu_cs/arm/4.8.4/bin/../lib/gcc/arm-none-eabi/4.8.4/armv6-m/crtend.o
LOAD c:/program files (x86)/cypress/psoc creator/3.1/psoc creator/import/gnu_cs/arm/4.8.4/bin/../lib/gcc/arm-none-eabi/4.8.4/armv6-m/crtn.o
START GROUP
LOAD c:/program files (x86)/cypress/psoc creator/3.1/psoc creator/import/gnu_cs/arm/4.8.4/bin/../lib/gcc/arm-none-eabi/4.8.4/armv6-m\libgcc.a
LOAD c:/program files (x86)/cypress/psoc creator/3.1/psoc creator/import/gnu_cs/arm/4.8.4/bin/../lib/gcc/arm-none-eabi/4.8.4/../../../../arm-none-eabi/lib/armv6-m\libc.a
LOAD c:/program files (x86)/cypress/psoc creator/3.1/psoc creator/import/gnu_cs/arm/4.8.4/bin/../lib/gcc/arm-none-eabi/4.8.4/../../../../arm-none-eabi/lib/armv6-m\libnosys.a
END GROUP
                0x00000000                CY_APPL_ORIGIN = 0x0
                0x00000080                CY_FLASH_ROW_SIZE = 0x80
                0x00000001                CY_APPL_NUM = 0x1
                0x00000040                CY_METADATA_SIZE = 0x40
                0x20000118                PROVIDE (__cy_heap_start, _end)
                0x00000001                PROVIDE (__cy_region_num, ((__cy_regions_end - __cy_regions) / 0x10))
                0x20001000                PROVIDE (__cy_stack, (ORIGIN (ram) + 0x1000))
                0x20000c00                PROVIDE (__cy_heap_end, (__cy_stack - 0x400))

.cybootloader   0x00000000        0x0
 *(.cybootloader)
                0x00000000                appl1_start = CY_APPL_ORIGIN?CY_APPL_ORIGIN:ALIGN (CY_FLASH_ROW_SIZE)
                0x00001f80                appl2_start = (appl1_start + ALIGN ((((0x4000 - appl1_start) - (0x2 * CY_FLASH_ROW_SIZE)) / 0x2), CY_FLASH_ROW_SIZE))
                0x00000000                appl_start = (CY_APPL_NUM == 0x1)?appl1_start:appl2_start

.text           0x00000000      0xc40
 CREATE_OBJECT_SYMBOLS
                0x00000000                PROVIDE (__cy_interrupt_vector, RomVectors)
 *(.romvectors)
 .romvectors    0x00000000       0x10 .\CortexM0\ARM_GCC_484\Release\Cm0Start.o
                0x00000000                RomVectors
                0x00000001                ASSERT ((. != __cy_interrupt_vector), No interrupt vector)
                0x00000001                ASSERT (CY_APPL_ORIGIN?(SIZEOF (.cybootloader) <= CY_APPL_ORIGIN):0x1, Wrong image location)
                0x00000010                PROVIDE (__cy_reset, Reset)
 *(.text.Reset)
 .text.Reset    0x00000010        0xa .\CortexM0\ARM_GCC_484\Release\Cm0Start.o
                0x00000010                Reset
                0x00000001                ASSERT ((. != __cy_reset), No reset code)
 *(.psocinit)
 *fill*         0x0000001a        0x2 
 .psocinit      0x0000001c      0x18c .\CortexM0\ARM_GCC_484\Release\bootloader.a(cyfitter_cfg.o)
                0x0000001c                cyfitter_cfg
                0x000001a8                . = MAX (., 0x100)
 *(.text .text.* .gnu.linkonce.t.*)
 .text          0x000001a8       0x60 c:/program files (x86)/cypress/psoc creator/3.1/psoc creator/import/gnu_cs/arm/4.8.4/bin/../lib/gcc/arm-none-eabi/4.8.4/armv6-m/crtbegin.o
 .text.startup.main
                0x00000208       0x24 .\CortexM0\ARM_GCC_484\Release\main.o
                0x00000208                main
 .text.CyBtldrCommStart
                0x0000022c        0x8 .\CortexM0\ARM_GCC_484\Release\main.o
                0x0000022c                CyBtldrCommStart
 .text.CyBtldrCommWrite
                0x00000234       0x22 .\CortexM0\ARM_GCC_484\Release\main.o
                0x00000234                CyBtldrCommWrite
 *fill*         0x00000256        0x2 
 .text.CyBtldrCommRead
                0x00000258       0x4c .\CortexM0\ARM_GCC_484\Release\main.o
                0x00000258                CyBtldrCommRead
 .text.IntDefaultHandler
                0x000002a4        0x2 .\CortexM0\ARM_GCC_484\Release\Cm0Start.o
                0x000002a4                IntDefaultHandler
 *fill*         0x000002a6        0x2 
 .text.Start_c  0x000002a8       0x4c .\CortexM0\ARM_GCC_484\Release\Cm0Start.o
                0x000002a8                Start_c
 .text.startup.initialize_psoc
                0x000002f4       0x54 .\CortexM0\ARM_GCC_484\Release\Cm0Start.o
                0x000002f4                initialize_psoc
 .text.UART_Enable
                0x00000348       0x14 .\CortexM0\ARM_GCC_484\Release\bootloader.a(UART.o)
                0x00000348                UART_Enable
 .text.UART_Start
                0x0000035c       0x1c .\CortexM0\ARM_GCC_484\Release\bootloader.a(UART.o)
                0x0000035c                UART_Start
 .text.UART_SpiUartReadRxData
                0x00000378        0xc .\CortexM0\ARM_GCC_484\Release\bootloader.a(UART_SPI_UART.o)
                0x00000378                UART_SpiUartReadRxData
 .text.UART_SpiUartGetRxBufferSize
                0x00000384       0x10 .\CortexM0\ARM_GCC_484\Release\bootloader.a(UART_SPI_UART.o)
                0x00000384                UART_SpiUartGetRxBufferSize
 .text.UART_SpiUartWriteTxData
                0x00000394       0x1c .\CortexM0\ARM_GCC_484\Release\bootloader.a(UART_SPI_UART.o)
                0x00000394                UART_SpiUartWriteTxData
 .text.UART_SpiUartDisableIntRx
                0x000003b0       0x10 .\CortexM0\ARM_GCC_484\Release\bootloader.a(UART_SPI_UART.o)
                0x000003b0                UART_SpiUartDisableIntRx
 .text.UART_UartInit
                0x000003c0       0x90 .\CortexM0\ARM_GCC_484\Release\bootloader.a(UART_UART.o)
                0x000003c0                UART_UartInit
 .text.UART_UartGetByte
                0x00000450       0x40 .\CortexM0\ARM_GCC_484\Release\bootloader.a(UART_UART.o)
                0x00000450                UART_UartGetByte
 .text.Bootloader_LaunchBootloadable
                0x00000490        0x2 .\CortexM0\ARM_GCC_484\Release\bootloader.a(Bootloader.o)
 .text.Bootloader_Calc8BitSum
                0x00000492       0x18 .\CortexM0\ARM_GCC_484\Release\bootloader.a(Bootloader.o)
                0x00000492                Bootloader_Calc8BitSum
 .text.Bootloader_SetFlashByte
                0x000004aa       0x2c .\CortexM0\ARM_GCC_484\Release\bootloader.a(Bootloader.o)
                0x000004aa                Bootloader_SetFlashByte
 *fill*         0x000004d6        0x2 
 .text.Bootloader_GetMetadata
                0x000004d8       0x90 .\CortexM0\ARM_GCC_484\Release\bootloader.a(Bootloader.o)
                0x000004d8                Bootloader_GetMetadata
 .text.CyBtldr_CheckLaunch
                0x00000568       0x3c .\CortexM0\ARM_GCC_484\Release\bootloader.a(Bootloader.o)
                0x00000568                CyBtldr_CheckLaunch
 .text.Bootloader_ValidateBootloadable
                0x000005a4       0x80 .\CortexM0\ARM_GCC_484\Release\bootloader.a(Bootloader.o)
                0x000005a4                Bootloader_ValidateBootloadable
 .text.Bootloader_HostLink.constprop.0
                0x00000624      0x2f8 .\CortexM0\ARM_GCC_484\Release\bootloader.a(Bootloader.o)
 .text.Bootloader_Start
                0x0000091c       0x60 .\CortexM0\ARM_GCC_484\Release\bootloader.a(Bootloader.o)
                0x0000091c                Bootloader_Start
 .text.EN_Write
                0x0000097c       0x18 .\CortexM0\ARM_GCC_484\Release\bootloader.a(EN.o)
                0x0000097c                EN_Write
 .text.EN_Read  0x00000994       0x10 .\CortexM0\ARM_GCC_484\Release\bootloader.a(EN.o)
                0x00000994                EN_Read
 *fill*         0x000009a4        0x4 
 .text          0x000009a8       0x28 .\CortexM0\ARM_GCC_484\Release\bootloader.a(CyBootAsmGnu.o)
                0x000009a8                CyDelayCycles
                0x000009bc                CyEnterCriticalSection
                0x000009c4                CyExitCriticalSection
 .text.CySysFlashWriteRow
                0x000009d0      0x1a0 .\CortexM0\ARM_GCC_484\Release\bootloader.a(CyFlash.o)
                0x000009d0                CySysFlashWriteRow
 .text.CyHalt   0x00000b70        0x4 .\CortexM0\ARM_GCC_484\Release\bootloader.a(CyLib.o)
                0x00000b70                CyHalt
 .text.CySoftwareReset
                0x00000b74       0x18 .\CortexM0\ARM_GCC_484\Release\bootloader.a(CyLib.o)
                0x00000b74                CySoftwareReset
 .text.CyDelayUs
                0x00000b8c       0x14 .\CortexM0\ARM_GCC_484\Release\bootloader.a(CyLib.o)
                0x00000b8c                CyDelayUs
 .text          0x00000ba0       0x14 c:/program files (x86)/cypress/psoc creator/3.1/psoc creator/import/gnu_cs/arm/4.8.4/bin/../lib/gcc/arm-none-eabi/4.8.4/armv6-m\libgcc.a(_thumb1_case_uqi.o)
                0x00000ba0                __gnu_thumb1_case_uqi
 .text          0x00000bb4       0x14 c:/program files (x86)/cypress/psoc creator/3.1/psoc creator/import/gnu_cs/arm/4.8.4/bin/../lib/gcc/arm-none-eabi/4.8.4/armv6-m\libgcc.a(_thumb1_case_shi.o)
                0x00000bb4                __gnu_thumb1_case_shi
 .text.__libc_init_array
                0x00000bc8       0x4c c:/program files (x86)/cypress/psoc creator/3.1/psoc creator/import/gnu_cs/arm/4.8.4/bin/../lib/gcc/arm-none-eabi/4.8.4/../../../../arm-none-eabi/lib/armv6-m\libg_s.a(lib_a-init.o)
                0x00000bc8                __libc_init_array
 .text.memcpy   0x00000c14       0x12 c:/program files (x86)/cypress/psoc creator/3.1/psoc creator/import/gnu_cs/arm/4.8.4/bin/../lib/gcc/arm-none-eabi/4.8.4/../../../../arm-none-eabi/lib/armv6-m\libg_s.a(lib_a-memcpy-stub.o)
                0x00000c14                memcpy
 .text.memset   0x00000c26       0x10 c:/program files (x86)/cypress/psoc creator/3.1/psoc creator/import/gnu_cs/arm/4.8.4/bin/../lib/gcc/arm-none-eabi/4.8.4/../../../../arm-none-eabi/lib/armv6-m\libg_s.a(lib_a-memset.o)
                0x00000c26                memset
 *(.plt)
 *(.gnu.warning)
 *(.glue_7t)
 .glue_7t       0x00000000        0x0 linker stubs
 *(.glue_7)
 .glue_7        0x00000000        0x0 linker stubs
 *(.vfp11_veneer)
 .vfp11_veneer  0x00000000        0x0 linker stubs
 *(.bootloader)
 *fill*         0x00000c36        0x2 
 .bootloader    0x00000c38        0x8 .\CortexM0\ARM_GCC_484\Release\bootloader.a(Bootloader.o)
                0x00000c38                Bootloader_SizeBytes
                0x00000c3c                Bootloader_Checksum
 *(.ARM.extab* .gnu.linkonce.armextab.*)
 *(.gcc_except_table)

.v4_bx          0x00000c40        0x0
 .v4_bx         0x00000000        0x0 linker stubs

.iplt           0x00000c40        0x0
 .iplt          0x00000000        0x0 c:/program files (x86)/cypress/psoc creator/3.1/psoc creator/import/gnu_cs/arm/4.8.4/bin/../lib/gcc/arm-none-eabi/4.8.4/armv6-m/crtbegin.o

.eh_frame_hdr
 *(.eh_frame_hdr)

.eh_frame       0x00000c40        0x4
 *(.eh_frame)
 .eh_frame      0x00000c40        0x0 c:/program files (x86)/cypress/psoc creator/3.1/psoc creator/import/gnu_cs/arm/4.8.4/bin/../lib/gcc/arm-none-eabi/4.8.4/armv6-m/crtbegin.o
 .eh_frame      0x00000c40        0x4 c:/program files (x86)/cypress/psoc creator/3.1/psoc creator/import/gnu_cs/arm/4.8.4/bin/../lib/gcc/arm-none-eabi/4.8.4/armv6-m/crtend.o
                0x00000c44                PROVIDE (__exidx_start, .)

.ARM.exidx
 *(.ARM.exidx* .gnu.linkonce.armexidx.*)
                0x00000c44                __exidx_end = .

.rodata         0x00000c44       0x3c
 *(.rodata .rodata.* .gnu.linkonce.r.*)
 .rodata        0x00000c44        0x8 .\CortexM0\ARM_GCC_484\Release\bootloader.a(Bootloader.o)
                0x00000c4c                . = ALIGN (0x4)
 *(.init)
 .init          0x00000c4c        0x4 c:/program files (x86)/cypress/psoc creator/3.1/psoc creator/import/gnu_cs/arm/4.8.4/bin/../lib/gcc/arm-none-eabi/4.8.4/armv6-m/crti.o
                0x00000c4c                _init
 .init          0x00000c50        0x8 c:/program files (x86)/cypress/psoc creator/3.1/psoc creator/import/gnu_cs/arm/4.8.4/bin/../lib/gcc/arm-none-eabi/4.8.4/armv6-m/crtn.o
                0x00000c58                . = ALIGN (0x4)
                0x00000c58                __preinit_array_start = .
 *(.preinit_array)
                0x00000c58                __preinit_array_end = .
                0x00000c58                . = ALIGN (0x4)
                0x00000c58                __init_array_start = .
 *(SORT(.init_array.*))
 *(.init_array)
 .init_array    0x00000c58        0x4 c:/program files (x86)/cypress/psoc creator/3.1/psoc creator/import/gnu_cs/arm/4.8.4/bin/../lib/gcc/arm-none-eabi/4.8.4/armv6-m/crtbegin.o
 .init_array    0x00000c5c        0x4 .\CortexM0\ARM_GCC_484\Release\Cm0Start.o
                0x00000c60                __init_array_end = .
                0x00000c60                . = ALIGN (0x4)
 *(.fini)
 .fini          0x00000c60        0x4 c:/program files (x86)/cypress/psoc creator/3.1/psoc creator/import/gnu_cs/arm/4.8.4/bin/../lib/gcc/arm-none-eabi/4.8.4/armv6-m/crti.o
                0x00000c60                _fini
 .fini          0x00000c64        0x8 c:/program files (x86)/cypress/psoc creator/3.1/psoc creator/import/gnu_cs/arm/4.8.4/bin/../lib/gcc/arm-none-eabi/4.8.4/armv6-m/crtn.o
                0x00000c6c                . = ALIGN (0x4)
                0x00000c6c                __fini_array_start = .
 *(.fini_array)
 .fini_array    0x00000c6c        0x4 c:/program files (x86)/cypress/psoc creator/3.1/psoc creator/import/gnu_cs/arm/4.8.4/bin/../lib/gcc/arm-none-eabi/4.8.4/armv6-m/crtbegin.o
 *(SORT(.fini_array.*))
                0x00000c70                __fini_array_end = .
                0x00000c70                . = ALIGN (0x4)
 *crtbegin.o(.ctors)
 *(EXCLUDE_FILE(*crtend.o) .ctors)
 *(SORT(.ctors.*))
 *crtend.o(.ctors)
                0x00000c70                . = ALIGN (0x4)
 *crtbegin.o(.dtors)
 *(EXCLUDE_FILE(*crtend.o) .dtors)
 *(SORT(.dtors.*))
 *crtend.o(.dtors)
                0x00000c70                . = ALIGN (0x4)
                0x00000c70                __cy_regions = .
                0x00000c70        0x4 LONG 0xc80 __cy_region_init_ram
                0x00000c74        0x4 LONG 0x200000d0 __cy_region_start_data
                0x00000c78        0x4 LONG 0x20 __cy_region_init_size_ram
                0x00000c7c        0x4 LONG 0x28 __cy_region_zero_size_ram
                0x00000c80                __cy_regions_end = .
                0x00000c80                . = ALIGN (0x8)
                0x00000c80                _etext = .

.ramvectors     0x20000000       0xc0
                0x20000000                __cy_region_start_ram = .
 *(.ramvectors)
 .ramvectors    0x20000000       0xc0 .\CortexM0\ARM_GCC_484\Release\Cm0Start.o
                0x20000000                CyRamVectors

.btldr_run      0x200000c0        0x4
 *(.bootloaderruntype)
 .bootloaderruntype
                0x200000c0        0x4 .\CortexM0\ARM_GCC_484\Release\Cm0Start.o
                0x200000c0                cyBtldrRunType

.noinit         0x200000c8        0x4
 *(.noinit)
 .noinit        0x200000c8        0x4 .\CortexM0\ARM_GCC_484\Release\Cm0Start.o

.data           0x200000d0       0x20 load address 0x00000c80
                0x200000d0                __cy_region_start_data = .
 *(.jcr)
 .jcr           0x200000d0        0x0 c:/program files (x86)/cypress/psoc creator/3.1/psoc creator/import/gnu_cs/arm/4.8.4/bin/../lib/gcc/arm-none-eabi/4.8.4/armv6-m/crtbegin.o
 .jcr           0x200000d0        0x4 c:/program files (x86)/cypress/psoc creator/3.1/psoc creator/import/gnu_cs/arm/4.8.4/bin/../lib/gcc/arm-none-eabi/4.8.4/armv6-m/crtend.o
 *(.got.plt)
 *(.got)
 *(.shdata)
 *(.data .data.* .gnu.linkonce.d.*)
 .data          0x200000d4        0x8 .\CortexM0\ARM_GCC_484\Release\bootloader.a(Bootloader.o)
                0x200000d4                Bootloader_SizeBytesAccess
                0x200000d8                Bootloader_ChecksumAccess
 .data          0x200000dc       0x10 .\CortexM0\ARM_GCC_484\Release\bootloader.a(CyLib.o)
                0x200000dc                cydelay32kMs
                0x200000e0                cydelayFreqKhz
                0x200000e4                cydelayFreqMhz
                0x200000e8                cydelayFreqHz
                0x200000f0                . = ALIGN (0x8)
 *fill*         0x200000ec        0x4 
 *(.ram)
                0x200000f0                _edata = .

.igot.plt       0x200000f0        0x0 load address 0x00000ca0
 .igot.plt      0x00000000        0x0 c:/program files (x86)/cypress/psoc creator/3.1/psoc creator/import/gnu_cs/arm/4.8.4/bin/../lib/gcc/arm-none-eabi/4.8.4/armv6-m/crtbegin.o

.bss            0x200000f0       0x28 load address 0x00000ca0
                0x200000f0                PROVIDE (__bss_start__, .)
 *(.shbss)
 *(.bss .bss.* .gnu.linkonce.b.*)
 .bss           0x200000f0       0x1c c:/program files (x86)/cypress/psoc creator/3.1/psoc creator/import/gnu_cs/arm/4.8.4/bin/../lib/gcc/arm-none-eabi/4.8.4/armv6-m/crtbegin.o
 .bss           0x2000010c        0x8 .\CortexM0\ARM_GCC_484\Release\bootloader.a(UART.o)
                0x2000010c                UART_initVar
                0x20000110                UART_customIntrHandler
 .bss           0x20000114        0x4 .\CortexM0\ARM_GCC_484\Release\bootloader.a(CyFlash.o)
 *(COMMON)
                0x20000118                . = ALIGN (0x8)
 *(.ram.b)
                0x20000118                _end = .
                0x20000118                __end = .
                0x20000118                PROVIDE (end, .)
                0x20000118                PROVIDE (__bss_end__, .)
                0x00000c80                __cy_region_init_ram = LOADADDR (.data)
                0x00000020                __cy_region_init_size_ram = (_edata - ADDR (.data))
                0x00000028                __cy_region_zero_size_ram = (_end - _edata)

.heap           0x20000118      0x100 load address 0x00000ca0
                0x20000118                . = _end
                0x20000218                . = (. + 0x100)
 *fill*         0x20000118      0x100 
                0x20000218                __cy_heap_limit = .

.stack          0x20000c00      0x400
                0x20000c00                __cy_stack_limit = .
                0x20001000                . = (. + 0x400)
 *fill*         0x20000c00      0x400 
                0x00000001                ASSERT ((__cy_stack_limit >= __cy_heap_limit), region RAM overflowed with stack)

.cyloadermeta   0x00003fc0       0x40
 *(.cyloadermeta)
 .cyloadermeta  0x00003fc0       0x40 .\CortexM0\ARM_GCC_484\Release\cymetadata.o
                0x00003fc0                cy_meta_loader

.cyloadablemeta
 *(.cyloadablemeta)

.cyflashprotect
                0x90400000       0x10
 *(.cyflashprotect)
 .cyflashprotect
                0x90400000       0x10 .\CortexM0\ARM_GCC_484\Release\cymetadata.o
                0x90400000                cy_meta_flashprotect

.cymeta         0x90500000        0xc
 *(.cymeta)
 .cymeta        0x90500000        0xc .\CortexM0\ARM_GCC_484\Release\cymetadata.o
                0x90500000                cy_metadata

.cychipprotect  0x90600000        0x1
 *(.cychipprotect)
 .cychipprotect
                0x90600000        0x1 .\CortexM0\ARM_GCC_484\Release\cymetadata.o
                0x90600000                cy_meta_chipprotect

.rel.dyn        0x00000ca0        0x0 load address 0x90600004
 .rel.iplt      0x00000000        0x0 c:/program files (x86)/cypress/psoc creator/3.1/psoc creator/import/gnu_cs/arm/4.8.4/bin/../lib/gcc/arm-none-eabi/4.8.4/armv6-m/crtbegin.o

.stab
 *(.stab)

.stabstr
 *(.stabstr)

.debug
 *(.debug)

.line
 *(.line)

.debug_srcinfo
 *(.debug_srcinfo)

.debug_sfnames
 *(.debug_sfnames)

.debug_aranges  0x00000000      0x4c8
 *(.debug_aranges)
 .debug_aranges
                0x00000000       0x48 .\CortexM0\ARM_GCC_484\Release\main.o
 .debug_aranges
                0x00000048       0x18 .\CortexM0\ARM_GCC_484\Release\cymetadata.o
 .debug_aranges
                0x00000060       0x48 .\CortexM0\ARM_GCC_484\Release\Cm0Start.o
 .debug_aranges
                0x000000a8       0x20 .\CortexM0\ARM_GCC_484\Release\bootloader.a(cyfitter_cfg.o)
 .debug_aranges
                0x000000c8       0x58 .\CortexM0\ARM_GCC_484\Release\bootloader.a(UART.o)
 .debug_aranges
                0x00000120       0x60 .\CortexM0\ARM_GCC_484\Release\bootloader.a(UART_SPI_UART.o)
 .debug_aranges
                0x00000180       0x50 .\CortexM0\ARM_GCC_484\Release\bootloader.a(UART_UART.o)
 .debug_aranges
                0x000001d0       0x60 .\CortexM0\ARM_GCC_484\Release\bootloader.a(Bootloader.o)
 .debug_aranges
                0x00000230       0x40 .\CortexM0\ARM_GCC_484\Release\bootloader.a(EN.o)
 .debug_aranges
                0x00000270       0x20 .\CortexM0\ARM_GCC_484\Release\bootloader.a(CyBootAsmGnu.o)
 .debug_aranges
                0x00000290       0x28 .\CortexM0\ARM_GCC_484\Release\bootloader.a(CyFlash.o)
 .debug_aranges
                0x000002b8      0x210 .\CortexM0\ARM_GCC_484\Release\bootloader.a(CyLib.o)

.debug_pubnames
 *(.debug_pubnames)

.debug_info     0x00000000     0x3639
 *(.debug_info .gnu.linkonce.wi.*)
 .debug_info    0x00000000      0x2e2 .\CortexM0\ARM_GCC_484\Release\main.o
 .debug_info    0x000002e2      0x123 .\CortexM0\ARM_GCC_484\Release\cymetadata.o
 .debug_info    0x00000405      0x385 .\CortexM0\ARM_GCC_484\Release\Cm0Start.o
 .debug_info    0x0000078a      0x4ba .\CortexM0\ARM_GCC_484\Release\bootloader.a(cyfitter_cfg.o)
 .debug_info    0x00000c44      0x21e .\CortexM0\ARM_GCC_484\Release\bootloader.a(UART.o)
 .debug_info    0x00000e62      0x219 .\CortexM0\ARM_GCC_484\Release\bootloader.a(UART_SPI_UART.o)
 .debug_info    0x0000107b      0x2ad .\CortexM0\ARM_GCC_484\Release\bootloader.a(UART_UART.o)
 .debug_info    0x00001328      0xb94 .\CortexM0\ARM_GCC_484\Release\bootloader.a(Bootloader.o)
 .debug_info    0x00001ebc      0x150 .\CortexM0\ARM_GCC_484\Release\bootloader.a(EN.o)
 .debug_info    0x0000200c       0x9c .\CortexM0\ARM_GCC_484\Release\bootloader.a(CyBootAsmGnu.o)
 .debug_info    0x000020a8      0x3e9 .\CortexM0\ARM_GCC_484\Release\bootloader.a(CyFlash.o)
 .debug_info    0x00002491     0x11a8 .\CortexM0\ARM_GCC_484\Release\bootloader.a(CyLib.o)

.debug_abbrev   0x00000000     0x143c
 *(.debug_abbrev)
 .debug_abbrev  0x00000000      0x188 .\CortexM0\ARM_GCC_484\Release\main.o
 .debug_abbrev  0x00000188       0x5d .\CortexM0\ARM_GCC_484\Release\cymetadata.o
 .debug_abbrev  0x000001e5      0x1eb .\CortexM0\ARM_GCC_484\Release\Cm0Start.o
 .debug_abbrev  0x000003d0      0x25c .\CortexM0\ARM_GCC_484\Release\bootloader.a(cyfitter_cfg.o)
 .debug_abbrev  0x0000062c      0x16b .\CortexM0\ARM_GCC_484\Release\bootloader.a(UART.o)
 .debug_abbrev  0x00000797      0x176 .\CortexM0\ARM_GCC_484\Release\bootloader.a(UART_SPI_UART.o)
 .debug_abbrev  0x0000090d      0x152 .\CortexM0\ARM_GCC_484\Release\bootloader.a(UART_UART.o)
 .debug_abbrev  0x00000a5f      0x36a .\CortexM0\ARM_GCC_484\Release\bootloader.a(Bootloader.o)
 .debug_abbrev  0x00000dc9       0xb7 .\CortexM0\ARM_GCC_484\Release\bootloader.a(EN.o)
 .debug_abbrev  0x00000e80       0x14 .\CortexM0\ARM_GCC_484\Release\bootloader.a(CyBootAsmGnu.o)
 .debug_abbrev  0x00000e94      0x1dc .\CortexM0\ARM_GCC_484\Release\bootloader.a(CyFlash.o)
 .debug_abbrev  0x00001070      0x3cc .\CortexM0\ARM_GCC_484\Release\bootloader.a(CyLib.o)

.debug_line     0x00000000     0x1500
 *(.debug_line)
 .debug_line    0x00000000      0x127 .\CortexM0\ARM_GCC_484\Release\main.o
 .debug_line    0x00000127       0x53 .\CortexM0\ARM_GCC_484\Release\cymetadata.o
 .debug_line    0x0000017a      0x210 .\CortexM0\ARM_GCC_484\Release\Cm0Start.o
 .debug_line    0x0000038a      0x155 .\CortexM0\ARM_GCC_484\Release\bootloader.a(cyfitter_cfg.o)
 .debug_line    0x000004df      0x122 .\CortexM0\ARM_GCC_484\Release\bootloader.a(UART.o)
 .debug_line    0x00000601      0x126 .\CortexM0\ARM_GCC_484\Release\bootloader.a(UART_SPI_UART.o)
 .debug_line    0x00000727      0x13a .\CortexM0\ARM_GCC_484\Release\bootloader.a(UART_UART.o)
 .debug_line    0x00000861      0x34d .\CortexM0\ARM_GCC_484\Release\bootloader.a(Bootloader.o)
 .debug_line    0x00000bae       0xb2 .\CortexM0\ARM_GCC_484\Release\bootloader.a(EN.o)
 .debug_line    0x00000c60       0x69 .\CortexM0\ARM_GCC_484\Release\bootloader.a(CyBootAsmGnu.o)
 .debug_line    0x00000cc9      0x15c .\CortexM0\ARM_GCC_484\Release\bootloader.a(CyFlash.o)
 .debug_line    0x00000e25      0x6db .\CortexM0\ARM_GCC_484\Release\bootloader.a(CyLib.o)

.debug_frame    0x00000000      0xb98
 *(.debug_frame)
 .debug_frame   0x00000000       0xcc .\CortexM0\ARM_GCC_484\Release\main.o
 .debug_frame   0x000000cc       0xa4 .\CortexM0\ARM_GCC_484\Release\Cm0Start.o
 .debug_frame   0x00000170       0x2c .\CortexM0\ARM_GCC_484\Release\bootloader.a(cyfitter_cfg.o)
 .debug_frame   0x0000019c       0xa8 .\CortexM0\ARM_GCC_484\Release\bootloader.a(UART.o)
 .debug_frame   0x00000244       0xb0 .\CortexM0\ARM_GCC_484\Release\bootloader.a(UART_SPI_UART.o)
 .debug_frame   0x000002f4       0xbc .\CortexM0\ARM_GCC_484\Release\bootloader.a(UART_UART.o)
 .debug_frame   0x000003b0      0x124 .\CortexM0\ARM_GCC_484\Release\bootloader.a(Bootloader.o)
 .debug_frame   0x000004d4       0x6c .\CortexM0\ARM_GCC_484\Release\bootloader.a(EN.o)
 .debug_frame   0x00000540       0x54 .\CortexM0\ARM_GCC_484\Release\bootloader.a(CyFlash.o)
 .debug_frame   0x00000594      0x528 .\CortexM0\ARM_GCC_484\Release\bootloader.a(CyLib.o)
 .debug_frame   0x00000abc       0x20 c:/program files (x86)/cypress/psoc creator/3.1/psoc creator/import/gnu_cs/arm/4.8.4/bin/../lib/gcc/arm-none-eabi/4.8.4/armv6-m\libgcc.a(_udivsi3.o)
 .debug_frame   0x00000adc       0x20 c:/program files (x86)/cypress/psoc creator/3.1/psoc creator/import/gnu_cs/arm/4.8.4/bin/../lib/gcc/arm-none-eabi/4.8.4/../../../../arm-none-eabi/lib/armv6-m\libg_s.a(lib_a-errno.o)
 .debug_frame   0x00000afc       0x28 c:/program files (x86)/cypress/psoc creator/3.1/psoc creator/import/gnu_cs/arm/4.8.4/bin/../lib/gcc/arm-none-eabi/4.8.4/../../../../arm-none-eabi/lib/armv6-m\libg_s.a(lib_a-exit.o)
 .debug_frame   0x00000b24       0x2c c:/program files (x86)/cypress/psoc creator/3.1/psoc creator/import/gnu_cs/arm/4.8.4/bin/../lib/gcc/arm-none-eabi/4.8.4/../../../../arm-none-eabi/lib/armv6-m\libg_s.a(lib_a-init.o)
 .debug_frame   0x00000b50       0x28 c:/program files (x86)/cypress/psoc creator/3.1/psoc creator/import/gnu_cs/arm/4.8.4/bin/../lib/gcc/arm-none-eabi/4.8.4/../../../../arm-none-eabi/lib/armv6-m\libg_s.a(lib_a-memcpy-stub.o)
 .debug_frame   0x00000b78       0x20 c:/program files (x86)/cypress/psoc creator/3.1/psoc creator/import/gnu_cs/arm/4.8.4/bin/../lib/gcc/arm-none-eabi/4.8.4/../../../../arm-none-eabi/lib/armv6-m\libg_s.a(lib_a-memset.o)

.debug_str      0x00000000     0x1489
 *(.debug_str)
 .debug_str     0x00000000      0x294 .\CortexM0\ARM_GCC_484\Release\main.o
                                0x2d9 (size before relaxing)
 .debug_str     0x00000294       0x6a .\CortexM0\ARM_GCC_484\Release\cymetadata.o
                                0x1d7 (size before relaxing)
 .debug_str     0x000002fe      0x163 .\CortexM0\ARM_GCC_484\Release\Cm0Start.o
                                0x305 (size before relaxing)
 .debug_str     0x00000461      0x180 .\CortexM0\ARM_GCC_484\Release\bootloader.a(cyfitter_cfg.o)
                                0x34e (size before relaxing)
 .debug_str     0x000005e1      0x110 .\CortexM0\ARM_GCC_484\Release\bootloader.a(UART.o)
                                0x2ac (size before relaxing)
 .debug_str     0x000006f1       0xcf .\CortexM0\ARM_GCC_484\Release\bootloader.a(UART_SPI_UART.o)
                                0x2bc (size before relaxing)
 .debug_str     0x000007c0       0xca .\CortexM0\ARM_GCC_484\Release\bootloader.a(UART_UART.o)
                                0x2de (size before relaxing)
 .debug_str     0x0000088a      0x351 .\CortexM0\ARM_GCC_484\Release\bootloader.a(Bootloader.o)
                                0x579 (size before relaxing)
 .debug_str     0x00000bdb       0x67 .\CortexM0\ARM_GCC_484\Release\bootloader.a(EN.o)
                                0x1ef (size before relaxing)
 .debug_str     0x00000c42      0x15f .\CortexM0\ARM_GCC_484\Release\bootloader.a(CyFlash.o)
                                0x327 (size before relaxing)
 .debug_str     0x00000da1      0x6e8 .\CortexM0\ARM_GCC_484\Release\bootloader.a(CyLib.o)
                                0x90a (size before relaxing)

.debug_loc      0x00000000     0x1eba
 *(.debug_loc)
 .debug_loc     0x00000000      0x1a1 .\CortexM0\ARM_GCC_484\Release\main.o
 .debug_loc     0x000001a1      0x1ca .\CortexM0\ARM_GCC_484\Release\Cm0Start.o
 .debug_loc     0x0000036b      0x122 .\CortexM0\ARM_GCC_484\Release\bootloader.a(cyfitter_cfg.o)
 .debug_loc     0x0000048d       0x3c .\CortexM0\ARM_GCC_484\Release\bootloader.a(UART.o)
 .debug_loc     0x000004c9       0xee .\CortexM0\ARM_GCC_484\Release\bootloader.a(UART_SPI_UART.o)
 .debug_loc     0x000005b7      0x191 .\CortexM0\ARM_GCC_484\Release\bootloader.a(UART_UART.o)
 .debug_loc     0x00000748      0x9b7 .\CortexM0\ARM_GCC_484\Release\bootloader.a(Bootloader.o)
 .debug_loc     0x000010ff       0x7d .\CortexM0\ARM_GCC_484\Release\bootloader.a(EN.o)
 .debug_loc     0x0000117c      0x275 .\CortexM0\ARM_GCC_484\Release\bootloader.a(CyFlash.o)
 .debug_loc     0x000013f1      0xac9 .\CortexM0\ARM_GCC_484\Release\bootloader.a(CyLib.o)

.debug_macinfo
 *(.debug_macinfo)

.debug_ranges   0x00000000      0x610
 *(.debug_ranges)
 .debug_ranges  0x00000000       0x38 .\CortexM0\ARM_GCC_484\Release\main.o
 .debug_ranges  0x00000038       0x38 .\CortexM0\ARM_GCC_484\Release\Cm0Start.o
 .debug_ranges  0x00000070       0x60 .\CortexM0\ARM_GCC_484\Release\bootloader.a(cyfitter_cfg.o)
 .debug_ranges  0x000000d0       0x48 .\CortexM0\ARM_GCC_484\Release\bootloader.a(UART.o)
 .debug_ranges  0x00000118       0x50 .\CortexM0\ARM_GCC_484\Release\bootloader.a(UART_SPI_UART.o)
 .debug_ranges  0x00000168       0x40 .\CortexM0\ARM_GCC_484\Release\bootloader.a(UART_UART.o)
 .debug_ranges  0x000001a8       0xe0 .\CortexM0\ARM_GCC_484\Release\bootloader.a(Bootloader.o)
 .debug_ranges  0x00000288       0x30 .\CortexM0\ARM_GCC_484\Release\bootloader.a(EN.o)
 .debug_ranges  0x000002b8       0x30 .\CortexM0\ARM_GCC_484\Release\bootloader.a(CyFlash.o)
 .debug_ranges  0x000002e8      0x328 .\CortexM0\ARM_GCC_484\Release\bootloader.a(CyLib.o)

.comment        0x00000000       0x70
 .comment       0x00000000       0x70 .\CortexM0\ARM_GCC_484\Release\main.o
                                 0x71 (size before relaxing)
 .comment       0x00000000       0x71 .\CortexM0\ARM_GCC_484\Release\cymetadata.o
 .comment       0x00000000       0x71 .\CortexM0\ARM_GCC_484\Release\Cm0Start.o
 .comment       0x00000000       0x71 .\CortexM0\ARM_GCC_484\Release\bootloader.a(cyfitter_cfg.o)
 .comment       0x00000000       0x71 .\CortexM0\ARM_GCC_484\Release\bootloader.a(UART.o)
 .comment       0x00000000       0x71 .\CortexM0\ARM_GCC_484\Release\bootloader.a(UART_SPI_UART.o)
 .comment       0x00000000       0x71 .\CortexM0\ARM_GCC_484\Release\bootloader.a(UART_UART.o)
 .comment       0x00000000       0x71 .\CortexM0\ARM_GCC_484\Release\bootloader.a(Bootloader.o)
 .comment       0x00000000       0x71 .\CortexM0\ARM_GCC_484\Release\bootloader.a(EN.o)
 .comment       0x00000000       0x71 .\CortexM0\ARM_GCC_484\Release\bootloader.a(CyFlash.o)
 .comment       0x00000000       0x71 .\CortexM0\ARM_GCC_484\Release\bootloader.a(CyLib.o)

.debug_weaknames
 *(.debug_weaknames)

.debug_funcnames
 *(.debug_funcnames)

.debug_typenames
 *(.debug_typenames)

.debug_varnames
 *(.debug_varnames)

.note.gnu.arm.ident
 *(.note.gnu.arm.ident)

.ARM.attributes
                0x00000000       0x28
 *(.ARM.attributes)
 .ARM.attributes
                0x00000000       0x1e c:/program files (x86)/cypress/psoc creator/3.1/psoc creator/import/gnu_cs/arm/4.8.4/bin/../lib/gcc/arm-none-eabi/4.8.4/armv6-m/crti.o
 .ARM.attributes
                0x0000001e       0x2c c:/program files (x86)/cypress/psoc creator/3.1/psoc creator/import/gnu_cs/arm/4.8.4/bin/../lib/gcc/arm-none-eabi/4.8.4/armv6-m/crtbegin.o
 .ARM.attributes
                0x0000004a       0x1b c:/program files (x86)/cypress/psoc creator/3.1/psoc creator/import/gnu_cs/arm/4.8.4/bin/../lib/gcc/arm-none-eabi/4.8.4/../../../../arm-none-eabi/lib/armv6-m/crt0.o
 .ARM.attributes
                0x00000065       0x31 .\CortexM0\ARM_GCC_484\Release\main.o
 .ARM.attributes
                0x00000096       0x31 .\CortexM0\ARM_GCC_484\Release\cymetadata.o
 .ARM.attributes
                0x000000c7       0x31 .\CortexM0\ARM_GCC_484\Release\Cm0Start.o
 .ARM.attributes
                0x000000f8       0x31 .\CortexM0\ARM_GCC_484\Release\bootloader.a(cyfitter_cfg.o)
 .ARM.attributes
                0x00000129       0x31 .\CortexM0\ARM_GCC_484\Release\bootloader.a(UART.o)
 .ARM.attributes
                0x0000015a       0x31 .\CortexM0\ARM_GCC_484\Release\bootloader.a(UART_SPI_UART.o)
 .ARM.attributes
                0x0000018b       0x31 .\CortexM0\ARM_GCC_484\Release\bootloader.a(UART_UART.o)
 .ARM.attributes
                0x000001bc       0x31 .\CortexM0\ARM_GCC_484\Release\bootloader.a(Bootloader.o)
 .ARM.attributes
                0x000001ed       0x31 .\CortexM0\ARM_GCC_484\Release\bootloader.a(EN.o)
 .ARM.attributes
                0x0000021e       0x21 .\CortexM0\ARM_GCC_484\Release\bootloader.a(CyBootAsmGnu.o)
 .ARM.attributes
                0x0000023f       0x31 .\CortexM0\ARM_GCC_484\Release\bootloader.a(CyFlash.o)
 .ARM.attributes
                0x00000270       0x31 .\CortexM0\ARM_GCC_484\Release\bootloader.a(CyLib.o)
 .ARM.attributes
                0x000002a1       0x1e c:/program files (x86)/cypress/psoc creator/3.1/psoc creator/import/gnu_cs/arm/4.8.4/bin/../lib/gcc/arm-none-eabi/4.8.4/armv6-m\libgcc.a(_thumb1_case_uqi.o)
 .ARM.attributes
                0x000002bf       0x1e c:/program files (x86)/cypress/psoc creator/3.1/psoc creator/import/gnu_cs/arm/4.8.4/bin/../lib/gcc/arm-none-eabi/4.8.4/armv6-m\libgcc.a(_thumb1_case_shi.o)
 .ARM.attributes
                0x000002dd       0x1e c:/program files (x86)/cypress/psoc creator/3.1/psoc creator/import/gnu_cs/arm/4.8.4/bin/../lib/gcc/arm-none-eabi/4.8.4/armv6-m\libgcc.a(_udivsi3.o)
 .ARM.attributes
                0x000002fb       0x1e c:/program files (x86)/cypress/psoc creator/3.1/psoc creator/import/gnu_cs/arm/4.8.4/bin/../lib/gcc/arm-none-eabi/4.8.4/armv6-m\libgcc.a(_dvmd_tls.o)
 .ARM.attributes
                0x00000319       0x2c c:/program files (x86)/cypress/psoc creator/3.1/psoc creator/import/gnu_cs/arm/4.8.4/bin/../lib/gcc/arm-none-eabi/4.8.4/../../../../arm-none-eabi/lib/armv6-m\libg_s.a(lib_a-errno.o)
 .ARM.attributes
                0x00000345       0x2c c:/program files (x86)/cypress/psoc creator/3.1/psoc creator/import/gnu_cs/arm/4.8.4/bin/../lib/gcc/arm-none-eabi/4.8.4/../../../../arm-none-eabi/lib/armv6-m\libg_s.a(lib_a-exit.o)
 .ARM.attributes
                0x00000371       0x2c c:/program files (x86)/cypress/psoc creator/3.1/psoc creator/import/gnu_cs/arm/4.8.4/bin/../lib/gcc/arm-none-eabi/4.8.4/../../../../arm-none-eabi/lib/armv6-m\libg_s.a(lib_a-impure.o)
 .ARM.attributes
                0x0000039d       0x2c c:/program files (x86)/cypress/psoc creator/3.1/psoc creator/import/gnu_cs/arm/4.8.4/bin/../lib/gcc/arm-none-eabi/4.8.4/../../../../arm-none-eabi/lib/armv6-m\libg_s.a(lib_a-init.o)
 .ARM.attributes
                0x000003c9       0x2c c:/program files (x86)/cypress/psoc creator/3.1/psoc creator/import/gnu_cs/arm/4.8.4/bin/../lib/gcc/arm-none-eabi/4.8.4/../../../../arm-none-eabi/lib/armv6-m\libg_s.a(lib_a-memcpy-stub.o)
 .ARM.attributes
                0x000003f5       0x2c c:/program files (x86)/cypress/psoc creator/3.1/psoc creator/import/gnu_cs/arm/4.8.4/bin/../lib/gcc/arm-none-eabi/4.8.4/../../../../arm-none-eabi/lib/armv6-m\libg_s.a(lib_a-memset.o)
 .ARM.attributes
                0x00000421       0x2c c:/program files (x86)/cypress/psoc creator/3.1/psoc creator/import/gnu_cs/arm/4.8.4/bin/../lib/gcc/arm-none-eabi/4.8.4/armv6-m/crtend.o
 .ARM.attributes
                0x0000044d       0x1e c:/program files (x86)/cypress/psoc creator/3.1/psoc creator/import/gnu_cs/arm/4.8.4/bin/../lib/gcc/arm-none-eabi/4.8.4/armv6-m/crtn.o

/DISCARD/
 *(.note.GNU-stack)
OUTPUT(.\CortexM0\ARM_GCC_484\Release\bootloader.elf elf32-littlearm)
